******************************************************************************
                  TI ARM Linker PC v5.0.4                      
******************************************************************************
>> Linked Thu Apr 13 16:49:17 2017

OUTPUT FILE NAME:   <ece3849d17_lab2_atlippert_gholman.out>
ENTRY POINT SYMBOL: "_c_int00"  address: 00007a79


MEMORY CONFIGURATION

         name            origin    length      used     unused   attr    fill
----------------------  --------  ---------  --------  --------  ----  --------
  FLASH                 00000000   00040000  0000a251  00035daf  R  X
  SRAM                  20000000   00010000  0000d698  00002968  RW X


SEGMENT ALLOCATION MAP

run origin  load origin   length   init length attrs members
----------  ----------- ---------- ----------- ----- -------
00000000    00000000    0000a258   0000a258    r-x
  00000000    00000000    00000140   00000140    r-- .resetVecs
  00000140    00000140    00008fc0   00008fc0    r-x .text
  00009100    00009100    00000b81   00000b81    r-- .const
  00009c88    00009c88    000005d0   000005d0    r-- .cinit
20000000    20000000    0000c86c   00000000    rw-
  20000000    20000000    00000140   00000000    rw- .vecs
  20000140    20000140    0000c72c   00000000    rw- .bss
2000c870    2000c870    00000e2c   00000a2c    rw-
  2000c870    2000c870    00000a2c   00000a2c    rw- .data
  2000d29c    2000d29c    00000400   00000000    rw- .stack


SECTION ALLOCATION MAP

 output                                  attributes/
section   page    origin      length       input sections
--------  ----  ----------  ----------   ----------------
.bootVecs 
*          0    00000000    00000008     DSECT
                  00000000    00000008     boot.aem3 : boot.oem3 (.bootVecs)

.resetVecs 
*          0    00000000    00000140     
                  00000000    00000140     app_pem3.oem3 (.resetVecs)

xdc.meta   0    00000000    000000e7     COPY SECTION
                  00000000    000000e7     app_pem3.oem3 (xdc.meta)

xdc.noload 
*          0    00000000    00001288     COPY SECTION
                  00000000    00001288     app_pem3.oem3 (xdc.noload)

.init_array 
*          0    00000000    00000000     UNINITIALIZED

.text      0    00000140    00008fc0     
                  00000140    00000f34     kiss_fft.obj (.text)
                  00001074    00000a18     ustdlib.obj (.text)
                  00001a8c    000008c8     main.obj (.text)
                  00002354    00000684     frame_graphics.obj (.text)
                  000029d8    00000510     rit128x96x4.obj (.text)
                  00002ee8    00000424     sysbios.aem3 : BIOS.obj (.text:ti_sysbios_family_arm_m3_Hwi_excDumpRegs__I)
                  0000330c    00000340     ti.targets.arm.rtsarm.aem3 : System.oem3 (.text:xdc_runtime_System_doPrint__I)
                  0000364c    000002e4     rtsv7M3_T_le_eabi.lib : trgdrv.obj (.text)
                  00003930    000002a0                           : xsin.obj (.text)
                  00003bd0    00000250     sysbios.aem3 : BIOS.obj (.text:ti_sysbios_knl_Semaphore_pend__E)
                  00003e20    000001ec                  : BIOS.obj (.text:ti_sysbios_family_arm_m3_Hwi_excHandlerMax__I)
                  0000400c    000001c0     rtsv7M3_T_le_eabi.lib : xflog.obj (.text)
                  000041cc    000001b6                           : fd_add_t2.obj (.text)
                  00004382    00000002     sysbios.aem3 : BIOS.obj (.text:ti_sysbios_BIOS_nullFunc__I)
                  00004384    00000198     driverlib-cm3.lib : sysctl.obj (.text:SysCtlClockGet)
                  0000451c    00000168     sysbios.aem3 : BIOS.obj (.text:ti_sysbios_family_arm_m3_Hwi_excBusFault__I)
                  00004684    00000154     rtsv7M3_T_le_eabi.lib : fmod.obj (.text)
                  000047d8    00000154     sysbios.aem3 : BIOS.obj (.text:ti_sysbios_family_arm_m3_Hwi_excUsageFault__I)
                  0000492c    0000014c     rtsv7M3_T_le_eabi.lib : sqrt.obj (.text)
                  00004a78    00000140     sysbios.aem3 : BIOS.obj (.text:ti_sysbios_family_arm_m3_Hwi_excMemFault__I)
                  00004bb8    0000013c     ti.targets.arm.rtsarm.aem3 : Error.oem3 (.text:xdc_runtime_Error_raiseX__F)
                  00004cf4    00000136     rtsv7M3_T_le_eabi.lib : fd_div_t2.obj (.text)
                  00004e2a    00000002     sysbios.aem3 : BIOS.obj (.text:ti_sysbios_gates_GateHwi_Instance_init__F)
                  00004e2c    0000012c     ti.targets.arm.rtsarm.aem3 : LoggerBuf.oem3 (.text:xdc_runtime_LoggerBuf_write8__F)
                  00004f58    0000011c     Boot.aem3 : Boot.oem3 (.text:.bootCodeSection:ti_catalog_arm_cortexm3_lm3init_Boot_sysCtlClockSet)
                  00005074    00000104     sysbios.aem3 : m3_Hwi_asm.obj (.text:ti_sysbios_family_arm_m3_Hwi_dispatch__I)
                  00005178    00000104     ti.targets.arm.rtsarm.aem3 : Core-mem.oem3 (.text:xdc_runtime_Core_createObject__I)
                  0000527c    00000100     rtsv7M3_T_le_eabi.lib : xdscale.obj (.text)
                  0000537c    000000fc                           : fd_mul_t2.obj (.text)
                  00005478    000000fa                           : fs_add_t2.obj (.text)
                  00005572    00000002     sysbios.aem3 : BIOS.obj (.text:ti_sysbios_knl_Clock_logTick__E)
                  00005574    000000f8     ti.targets.arm.rtsarm.aem3 : Startup.oem3 (.text:xdc_runtime_Startup_startMods__I)
                  0000566c    000000f8     app_pem3.oem3 (.text:xdc_runtime_System_printfExtend__I)
                  00005764    000000ec     rtsv7M3_T_le_eabi.lib : dtor_list.obj (.text)
                  00005850    000000ec     sysbios.aem3 : BIOS.obj (.text:ti_sysbios_knl_Semaphore_post__E)
                  0000593c    000000dc                  : BIOS.obj (.text:ti_sysbios_family_arm_m3_Hwi_initNVIC__E)
                  00005a18    000000dc                  : BIOS.obj (.text:ti_sysbios_knl_Task_postInit__I)
                  00005af4    000000cc     ti.targets.arm.rtsarm.aem3 : LoggerBuf.oem3 (.text:xdc_runtime_LoggerBuf_write4__F)
                  00005bc0    000000c8     driverlib-cm3.lib : gpio.obj (.text:GPIOPadConfigSet)
                  00005c88    000000c0     rtsv7M3_T_le_eabi.lib : floor.obj (.text)
                  00005d48    000000be                           : xdnorm.obj (.text)
                  00005e06    00000002     --HOLE-- [fill = 0]
                  00005e08    000000b4     sysbios.aem3 : BIOS.obj (.text:ti_sysbios_family_arm_m3_Hwi_excHardFault__I)
                  00005ebc    000000b4                  : BIOS.obj (.text:ti_sysbios_gates_GateMutex_enter__E)
                  00005f70    000000b4                  : BIOS.obj (.text:ti_sysbios_knl_Task_checkStacks__E)
                  00006024    000000b0                  : BIOS.obj (.text:ti_sysbios_family_arm_m3_Hwi_excDebugMon__I)
                  000060d4    000000ac                  : BIOS.obj (.text:ti_sysbios_knl_Swi_schedule__I)
                  00006180    000000a8                  : BIOS.obj (.text:ti_sysbios_knl_Semaphore_Instance_init__F)
                  00006228    000000a4                  : BIOS.obj (.text:ti_sysbios_family_arm_m3_Hwi_Module_startup__F)
                  000062cc    000000a0     auto_init.aem3 : auto_init.oem3 (.text)
                  0000636c    000000a0     sysbios.aem3 : BIOS.obj (.text:ti_sysbios_family_arm_lm3_TimestampProvider_get64__E)
                  0000640c    0000009c     rtsv7M3_T_le_eabi.lib : memcpy_t2.obj (.text)
                  000064a8    0000009a     ti.targets.arm.rtsarm.aem3 : Text.oem3 (.text:xdc_runtime_Text_putSite__F)
                  00006542    00000002     --HOLE-- [fill = 0]
                  00006544    00000094     buttons.obj (.text)
                  000065d8    00000094     ti.targets.arm.rtsarm.aem3 : Text.oem3 (.text:xdc_runtime_Text_putMod__F)
                  0000666c    00000092     rtsv7M3_T_le_eabi.lib : fs_div_t2.obj (.text)
                  000066fe    00000002     --HOLE-- [fill = 0]
                  00006700    00000090                           : xfdint.obj (.text)
                  00006790    00000090     sysbios.aem3 : BIOS.obj (.text:ti_sysbios_family_arm_lm3_Timer_initDevice__I)
                  00006820    00000090                  : BIOS.obj (.text:ti_sysbios_knl_Task_exit__E)
                  000068b0    00000090                  : BIOS.obj (.text:ti_sysbios_knl_Task_startCore__E)
                  00006940    0000008c     ti.targets.arm.rtsarm.aem3 : HeapMin.oem3 (.text:xdc_runtime_HeapMin_Instance_init__F)
                  000069cc    00000088     driverlib-cm3.lib : sysctl.obj (.text:SysCtlPeripheralReset)
                  00006a54    00000088     sysbios.aem3 : BIOS.obj (.text:ti_sysbios_knl_Mailbox_Module_startup__F)
                  00006adc    00000088                  : BIOS.obj (.text:ti_sysbios_knl_Task_schedule__I)
                  00006b64    00000084                  : BIOS.obj (.text:ti_sysbios_knl_Mailbox_pend__E)
                  00006be8    00000084                  : BIOS.obj (.text:ti_sysbios_knl_Mailbox_post__E)
                  00006c6c    00000084                  : BIOS.obj (.text:ti_sysbios_knl_Task_Module_startup__F)
                  00006cf0    00000080     ti.targets.arm.rtsarm.aem3 : LoggerBuf.oem3 (.text:xdc_runtime_LoggerBuf_setFilterLevel__F)
                  00006d70    0000007e     rtsv7M3_T_le_eabi.lib : fd_cmp_t2.obj (.text)
                  00006dee    0000007c                           : xfdnorm.obj (.text)
                  00006e6a    00000002     --HOLE-- [fill = 0]
                  00006e6c    0000007c     sysbios.aem3 : BIOS.obj (.text:ti_sysbios_family_arm_lm3_Timer_start__E)
                  00006ee8    0000007a     rtsv7M3_T_le_eabi.lib : fs_mul_t2.obj (.text)
                  00006f62    00000078                           : memset_t2.obj (.text)
                  00006fda    00000002     --HOLE-- [fill = 0]
                  00006fdc    00000070     sysbios.aem3 : BIOS.obj (.text:ti_sysbios_BIOS_rtsUnlock__I)
                  0000704c    00000070     ti.targets.arm.rtsarm.aem3 : Memory.oem3 (.text:xdc_runtime_Memory_alloc__F)
                  000070bc    0000006c     driverlib-cm3.lib : adc.obj (.text:ADCSequenceStepConfigure)
                  00007128    0000006c     sysbios.aem3 : BIOS.obj (.text:ti_sysbios_knl_Clock_workFunc__E)
                  00007194    0000006c     ti.targets.arm.rtsarm.aem3 : Error.oem3 (.text:xdc_runtime_Error_print__F)
                  00007200    0000006c                                : LoggerBuf.oem3 (.text:xdc_runtime_LoggerBuf_getFilterLevel__F)
                  0000726c    00000066                                : Core-mem.oem3 (.text:xdc_runtime_Core_deleteObject__I)
                  000072d2    00000064     rtsv7M3_T_le_eabi.lib : xdunscal.obj (.text)
                  00007336    00000060                           : fs_cmp_t2.obj (.text)
                  00007396    00000002     --HOLE-- [fill = 0]
                  00007398    00000060                           : trgmsg.obj (.text)
                  000073f8    00000060     sysbios.aem3 : BIOS.obj (.text:ti_sysbios_family_arm_m3_Hwi_dispatchC__I)
                  00007458    00000060                  : BIOS.obj (.text:ti_sysbios_knl_Swi_run__I)
                  000074b8    00000060     app_pem3.oem3 (.text:xdc_runtime_LoggerBuf_Object__create__S)
                  00007518    0000005e     rtsv7M3_T_le_eabi.lib : copy_decompress_rle.obj (.text)
                  00007576    00000002     --HOLE-- [fill = 0]
                  00007578    0000005c     sysbios.aem3 : BIOS.obj (.text:ti_sysbios_knl_Swi_restoreHwi__E)
                  000075d4    0000005b     ti.targets.arm.rtsarm.aem3 : Text.oem3 (.text:xdc_runtime_Text_putLab__F)
                  0000762f    00000001     --HOLE-- [fill = 0]
                  00007630    00000058     driverlib-cm3.lib : sysctl.obj (.text:SysCtlPeripheralEnable)
                  00007688    00000058     sysbios.aem3 : BIOS.obj (.text:ti_sysbios_knl_Task_unblockI__E)
                  000076e0    00000054     rtsv7M3_T_le_eabi.lib : xfdunsca.obj (.text)
                  00007734    00000054     sysbios.aem3 : BIOS.obj (.text:ti_sysbios_knl_Task_processVitalTaskFlag__I)
                  00007788    00000050                  : BIOS.obj (.text:ti_sysbios_family_arm_lm3_Timer_Module_startup__F)
                  000077d8    00000050     ti.targets.arm.rtsarm.aem3 : Startup.oem3 (.text:xdc_runtime_Startup_exec__F)
                  00007828    00000050                                : System.oem3 (.text:xdc_runtime_System_formatNum__I)
                  00007878    0000004c     sysbios.aem3 : m3_TaskSupport_asm.obj (.text:_ti_sysbios_family_arm_m3_TaskSupport_buildTaskStack)
                  000078c4    0000004a     rtsv7M3_T_le_eabi.lib : fd_tos_t2.obj (.text)
                  0000790e    00000048                           : fd_toi_t2.obj (.text)
                  00007956    00000002     --HOLE-- [fill = 0]
                  00007958    00000048     sysbios.aem3 : BIOS.obj (.text:ti_sysbios_family_arm_m3_Hwi_excReserved__I)
                  000079a0    00000048                  : BIOS.obj (.text:ti_sysbios_knl_Task_allBlockedFunction__I)
                  000079e8    00000048     ti.targets.arm.rtsarm.aem3 : Assert.oem3 (.text:xdc_runtime_Assert_raise__I)
                  00007a30    00000048                                : Core-params.oem3 (.text:xdc_runtime_Core_assignParams__I)
                  00007a78    00000044     boot.aem3 : boot.oem3 (.text)
                  00007abc    00000044     driverlib-cm3.lib : ssi.obj (.text:SSIConfigSetExpClk)
                  00007b00    00000044     rtsv7M3_T_le_eabi.lib : cpy_tbl.obj (.text)
                  00007b44    00000044                           : roundf.obj (.text)
                  00007b88    00000044                           : xdtest.obj (.text)
                  00007bcc    00000044     sysbios.aem3 : BIOS.obj (.text:ti_sysbios_family_arm_lm3_Timer_enableTimers__I)
                  00007c10    00000044                  : BIOS.obj (.text:ti_sysbios_family_arm_m3_Hwi_disableInterrupt__E)
                  00007c54    00000044                  : BIOS.obj (.text:ti_sysbios_family_arm_m3_Hwi_enableInterrupt__E)
                  00007c98    00000044                  : BIOS.obj (.text:ti_sysbios_knl_Swi_post__E)
                  00007cdc    00000044     ti.targets.arm.rtsarm.aem3 : LoggerBuf.oem3 (.text:xdc_runtime_LoggerBuf_filterOutEvent__I)
                  00007d20    00000044                                : SysMin.oem3 (.text:xdc_runtime_SysMin_flush__F)
                  00007d64    00000042     rtsv7M3_T_le_eabi.lib : u_divt2.obj (.text)
                  00007da6    00000002     --HOLE-- [fill = 0]
                  00007da8    00000040                           : exit.obj (.text)
                  00007de8    00000040                           : signal.obj (.text)
                  00007e28    00000040     sysbios.aem3 : BIOS.obj (.text:ti_sysbios_family_arm_lm3_Timer_startup__E)
                  00007e68    00000040                  : BIOS.obj (.text:ti_sysbios_knl_Semaphore_pendTimeout__I)
                  00007ea8    00000040     ti.targets.arm.rtsarm.aem3 : System.oem3 (.text:xdc_runtime_System_atexit__F)
                  00007ee8    0000003c     sysbios.aem3 : BIOS.obj (.text:ti_sysbios_family_arm_m3_Hwi_excSvCall__I)
                  00007f24    0000003c                  : BIOS.obj (.text:ti_sysbios_knl_Swi_restore__E)
                  00007f60    0000003c     ti.targets.arm.rtsarm.aem3 : HeapMin.oem3 (.text:xdc_runtime_HeapMin_alloc__F)
                  00007f9c    0000003c                                : Text.oem3 (.text:xdc_runtime_Text_xprintf__I)
                  00007fd8    00000038     rtsv7M3_T_le_eabi.lib : fs_tod_t2.obj (.text)
                  00008010    00000038                           : fs_toi_t2.obj (.text)
                  00008048    00000038                           : i_tofs_t2.obj (.text)
                  00008080    00000038     sysbios.aem3 : BIOS.obj (.text:ti_sysbios_family_arm_m3_Hwi_excNoIsr__I)
                  000080b8    00000038                  : BIOS.obj (.text:ti_sysbios_family_arm_m3_Hwi_getStackInfo__E)
                  000080f0    00000038                  : BIOS.obj (.text:ti_sysbios_family_arm_m3_TaskSupport_start__E)
                  00008128    00000038     app_pem3.oem3 (.text:ti_sysbios_knl_Semaphore_Object__create__S)
                  00008160    00000038     ti.targets.arm.rtsarm.aem3 : LoggerBuf.oem3 (.text:xdc_runtime_LoggerBuf_Instance_init__F)
                  00008198    00000038                                : SysMin.oem3 (.text:xdc_runtime_SysMin_putch__F)
                  000081d0    00000034     rtsv7M3_T_le_eabi.lib : xfdtest.obj (.text)
                  00008204    00000034     sysbios.aem3 : BIOS.obj (.text:ti_sysbios_family_arm_m3_Hwi_excNmi__I)
                  00008238    00000034     app_pem3.oem3 (.text:ti_sysbios_gates_GateHwi_Object__create__S)
                  0000826c    00000034     app_pem3.oem3 (.text:ti_sysbios_gates_GateMutex_Object__create__S)
                  000082a0    00000034     sysbios.aem3 : BIOS.obj (.text:ti_sysbios_hal_Hwi_checkStack:ti_sysbios_hal_Hwi_checkStack)
                  000082d4    00000034     app_pem3.oem3 (.text:ti_sysbios_knl_Queue_Object__create__S)
                  00008308    00000034     app_pem3.oem3 (.text:xdc_runtime_HeapMin_Object__create__S)
                  0000833c    00000030     rtsv7M3_T_le_eabi.lib : feraiseexcept.obj (.text)
                  0000836c    00000030                           : xferaise.obj (.text)
                  0000839c    00000030     sysbios.aem3 : BIOS.obj (.text:ti_sysbios_BIOS_errorRaiseHook__I)
                  000083cc    00000030     app_pem3.oem3 (.text:ti_sysbios_BIOS_exitFunc__I)
                  000083fc    00000030     sysbios.aem3 : BIOS.obj (.text:ti_sysbios_knl_Idle_run__E)
                  0000842c    00000030     ti.targets.arm.rtsarm.aem3 : Core-label.oem3 (.text:xdc_runtime_Core_assignLabel__I)
                  0000845c    00000030                                : HeapMin.oem3 (.text:xdc_runtime_HeapMin_free__F)
                  0000848c    00000030                                : SysMin.oem3 (.text:xdc_runtime_SysMin_abort__F)
                  000084bc    0000002f                                : Text.oem3 (.text:xdc_runtime_Text_printVisFxn__I)
                  000084eb    00000001     --HOLE-- [fill = 0]
                  000084ec    0000002e     driverlib-cm3.lib : gpio.obj (.text:GPIODirModeSet)
                  0000851a    0000002e     app_pem3.oem3 (.text:malloc)
                  00008548    0000002e     rtsv7M3_T_le_eabi.lib : i_tofd_t2.obj (.text)
                  00008576    0000002e                           : raise.obj (.text)
                  000085a4    0000002c     sysbios.aem3 : BIOS.obj (.text:ti_sysbios_hal_Hwi_initStack:ti_sysbios_hal_Hwi_initStack)
                  000085d0    0000002c     app_pem3.oem3 (.text:ti_sysbios_knl_Clock_doTick__I)
                  000085fc    0000002c     sysbios.aem3 : BIOS.obj (.text:ti_sysbios_knl_Task_restore__E)
                  00008628    0000002c     ti.targets.arm.rtsarm.aem3 : System.oem3 (.text:xdc_runtime_System_rtsExit__I)
                  00008654    0000002c                                : Text.oem3 (.text:xdc_runtime_Text_cordText__F)
                  00008680    0000002a     driverlib-cm3.lib : adc.obj (.text:ADCSequenceConfigure)
                  000086aa    0000002a     ti.targets.arm.rtsarm.aem3 : System.oem3 (.text:xdc_runtime_System_putchar__I)
                  000086d4    00000028     sysbios.aem3 : BIOS.obj (.text:ti_sysbios_gates_GateMutex_Instance_init__F)
                  000086fc    00000028     ti.targets.arm.rtsarm.aem3 : LoggerBuf.oem3 (.text:xdc_runtime_LoggerBuf_Module_startup__F)
                  00008724    00000026                                : System.oem3 (.text:xdc_runtime_System_avprintf__F)
                  0000874a    00000002     --HOLE-- [fill = 0]
                  0000874c    00000024     sysbios.aem3 : BIOS.obj (.text:ti_sysbios_BIOS_registerRTSLock__I)
                  00008770    00000024     app_pem3.oem3 (.text:ti_sysbios_BIOS_startFunc__I)
                  00008794    00000024     sysbios.aem3 : BIOS.obj (.text:ti_sysbios_family_arm_lm3_Timer_isrStub__E)
                  000087b8    00000024                  : BIOS.obj (.text:ti_sysbios_family_arm_lm3_Timer_setPeriod__E)
                  000087dc    00000024                  : BIOS.obj (.text:ti_sysbios_family_arm_lm3_Timer_stop__E)
                  00008800    00000024     app_pem3.oem3 (.text:ti_sysbios_gates_GateMutex_Object__delete__S)
                  00008824    00000024     sysbios.aem3 : BIOS.obj (.text:ti_sysbios_knl_Clock_Module_startup__F)
                  00008848    00000024                  : BIOS.obj (.text:ti_sysbios_knl_Swi_Module_startup__F)
                  0000886c    00000024                  : BIOS.obj (.text:ti_sysbios_knl_Task_restoreHwi__E)
                  00008890    00000024     ti.targets.arm.rtsarm.aem3 : System.oem3 (.text:xdc_runtime_System_vprintf__F)
                  000088b4    00000022     app_pem3.oem3 (.text:xdc_runtime_SysMin_output__I)
                  000088d6    00000002     --HOLE-- [fill = 0]
                  000088d8    00000020     driverlib-cm3.lib : sysctl.obj (.text:SysCtlADCSpeedSet)
                  000088f8    00000020     sysbios.aem3 : BIOS.obj (.text:ti_sysbios_BIOS_removeRTSLock__I)
                  00008918    00000020     app_pem3.oem3 (.text:ti_sysbios_gates_GateHwi_Object__delete__S)
                  00008938    00000020     app_pem3.oem3 (.text:ti_sysbios_knl_Semaphore_Object__destruct__S)
                  00008958    00000020     sysbios.aem3 : BIOS.obj (.text:ti_sysbios_knl_Task_enter__I)
                  00008978    00000020     app_pem3.oem3 (.text:xdc_runtime_HeapMin_Object__delete__S)
                  00008998    00000020     app_pem3.oem3 (.text:xdc_runtime_LoggerBuf_Object__delete__S)
                  000089b8    00000020     ti.targets.arm.rtsarm.aem3 : LoggerBuf.oem3 (.text:xdc_runtime_LoggerBuf_reset__F)
                  000089d8    00000020                                : Registry.oem3 (.text:xdc_runtime_Registry_findById__F)
                  000089f8    00000020                                : SysMin.oem3 (.text:xdc_runtime_SysMin_Module_startup__F)
                  00008a18    0000001c     sysbios.aem3 : BIOS.obj (.text:ti_sysbios_BIOS_rtsLock__I)
                  00008a34    0000001c     app_pem3.oem3 (.text:ti_sysbios_knl_Queue_Object__destruct__S)
                  00008a50    0000001c     sysbios.aem3 : BIOS.obj (.text:ti_sysbios_knl_Queue_put__E)
                  00008a6c    0000001c     ti.targets.arm.rtsarm.aem3 : Error.oem3 (.text:xdc_runtime_Error_check__F)
                  00008a88    0000001c                                : Memory.oem3 (.text:xdc_runtime_Memory_valloc__F)
                  00008aa4    0000001c                                : SysMin.oem3 (.text:xdc_runtime_SysMin_exit__F)
                  00008ac0    0000001a     app_pem3.oem3 (.text:xdc_runtime_System_aprintf__E)
                  00008ada    0000001a     app_pem3.oem3 (.text:xdc_runtime_System_printf__E)
                  00008af4    00000018     sysbios.aem3 : m3_Hwi_asm_switch.obj (.text:_ti_sysbios_family_arm_m3_Hwi_initStacks__E)
                  00008b0c    00000018     app_pem3.oem3 (.text:free)
                  00008b24    00000018     rtsv7M3_T_le_eabi.lib : args_main.obj (.text)
                  00008b3c    00000018     app_pem3.oem3 (.text:ti_sysbios_family_arm_lm3_Timer_Module__startupDone__F)
                  00008b54    00000018     app_pem3.oem3 (.text:ti_sysbios_family_arm_m3_Hwi_Handle__label__S)
                  00008b6c    00000018     app_pem3.oem3 (.text:ti_sysbios_family_arm_m3_Hwi_Module__startupDone__F)
                  00008b84    00000018     app_pem3.oem3 (.text:ti_sysbios_gates_GateHwi_Handle__label__S)
                  00008b9c    00000018     app_pem3.oem3 (.text:ti_sysbios_gates_GateMutex_Handle__label__S)
                  00008bb4    00000018     sysbios.aem3 : BIOS.obj (.text:ti_sysbios_gates_GateMutex_leave__E)
                  00008bcc    00000018     app_pem3.oem3 (.text:ti_sysbios_hal_Timer_Module__startupDone__F)
                  00008be4    00000018     app_pem3.oem3 (.text:ti_sysbios_knl_Swi_Handle__label__S)
                  00008bfc    00000018     app_pem3.oem3 (.text:ti_sysbios_knl_Task_Handle__label__S)
                  00008c14    00000018     app_pem3.oem3 (.text:xdc_runtime_HeapMin_Handle__label__S)
                  00008c2c    00000018     app_pem3.oem3 (.text:xdc_runtime_LoggerBuf_Handle__label__S)
                  00008c44    00000018     ti.targets.arm.rtsarm.aem3 : Text.oem3 (.text:xdc_runtime_Text_ropeText__F)
                  00008c5c    00000014     rtsv7M3_T_le_eabi.lib : _lock.obj (.text)
                  00008c70    00000014                           : strlen.obj (.text)
                  00008c84    00000014     sysbios.aem3 : BIOS.obj (.text:ti_sysbios_family_arm_m3_Hwi_switchFromBootStack__E)
                  00008c98    00000014     app_pem3.oem3 (.text:ti_sysbios_knl_Mailbox_Object__get__S)
                  00008cac    00000014     app_pem3.oem3 (.text:ti_sysbios_knl_Swi_Object__get__S)
                  00008cc0    00000014     ti.targets.arm.rtsarm.aem3 : LoggerBuf.oem3 (.text:xdc_runtime_LoggerBuf_Instance_finalize__F)
                  00008cd4    00000014     app_pem3.oem3 (.text:xdc_runtime_LoggerBuf_Object__get__S)
                  00008ce8    00000014     ti.targets.arm.rtsarm.aem3 : LoggerBuf.oem3 (.text:xdc_runtime_LoggerBuf_write2__F)
                  00008cfc    00000014                                : System.oem3 (.text:xdc_runtime_System_abort__F)
                  00008d10    00000012     driverlib-cm3.lib : gpio.obj (.text:GPIOPinTypeGPIOInput)
                  00008d22    00000012                       : gpio.obj (.text:GPIOPinTypeGPIOOutput)
                  00008d34    00000012                       : gpio.obj (.text:GPIOPinTypeSSI)
                  00008d46    00000012                       : ssi.obj (.text:SSIDataGetNonBlocking)
                  00008d58    00000012     rtsv7M3_T_le_eabi.lib : copy_zero_init.obj (.text:decompress:ZI)
                  00008d6a    00000012                           : strcpy.obj (.text)
                  00008d7c    00000012     sysbios.aem3 : BIOS.obj (.text:ti_sysbios_hal_Hwi_Module_startup__F)
                  00008d8e    00000012                  : BIOS.obj (.text:ti_sysbios_hal_Timer_Module_startup__F)
                  00008da0    00000012     ti.targets.arm.rtsarm.aem3 : LoggerBuf.oem3 (.text:xdc_runtime_LoggerBuf_write1__F)
                  00008db2    00000012     app_pem3.oem3 (.text:xdc_runtime_Startup_exec__I)
                  00008dc4    00000010     driverlib-cm3.lib : adc.obj (.text:ADCIntEnable)
                  00008dd4    00000010     sysbios.aem3 : m3_TaskSupport_asm.obj (.text:_ti_sysbios_family_arm_m3_TaskSupport_glue)
                  00008de4    00000010                  : m3_TaskSupport_asm.obj (.text:_ti_sysbios_family_arm_m3_TaskSupport_swap__E)
                  00008df4    00000010                  : m3_Hwi_asm_switch.obj (.text:_ti_sysbios_family_xxx_Hwi_switchToIsrStack)
                  00008e04    00000010                  : BIOS.obj (.text:ti_sysbios_BIOS_setThreadType__E)
                  00008e14    00000010                  : BIOS.obj (.text:ti_sysbios_BIOS_start__E)
                  00008e24    00000010                  : BIOS.obj (.text:ti_sysbios_family_arm_lm3_TimestampProvider_rolloverFunc__E)
                  00008e34    00000010                  : BIOS.obj (.text:ti_sysbios_family_arm_m3_Hwi_excHandler__I)
                  00008e44    00000010                  : BIOS.obj (.text:ti_sysbios_gates_GateMutex_Instance_finalize__F)
                  00008e54    00000010                  : BIOS.obj (.text:ti_sysbios_knl_Semaphore_Instance_finalize__F)
                  00008e64    00000010                  : BIOS.obj (.text:ti_sysbios_knl_Swi_disable__E)
                  00008e74    00000010     app_pem3.oem3 (.text:ti_sysbios_knl_Task_Object__get__S)
                  00008e84    00000010     sysbios.aem3 : BIOS.obj (.text:ti_sysbios_knl_Task_disable__E)
                  00008e94    00000010     ti.targets.arm.rtsarm.aem3 : Gate.oem3 (.text:xdc_runtime_Gate_leaveSystem__F)
                  00008ea4    00000010                                : LoggerBuf.oem3 (.text:xdc_runtime_LoggerBuf_write0__F)
                  00008eb4    00000010                                : Memory.oem3 (.text:xdc_runtime_Memory_free__F)
                  00008ec4    00000010                                : SysMin.oem3 (.text:xdc_runtime_SysMin_ready__F)
                  00008ed4    00000010                                : System.oem3 (.text:xdc_runtime_System_vsnprintf__F)
                  00008ee4    0000000e     driverlib-cm3.lib : adc.obj (.text:ADCSequenceDisable)
                  00008ef2    0000000e                       : adc.obj (.text:ADCSequenceEnable)
                  00008f00    0000000e     rtsv7M3_T_le_eabi.lib : copy_decompress_none.obj (.text:decompress:none)
                  00008f0e    0000000e     sysbios.aem3 : BIOS.obj (.text:ti_sysbios_family_arm_m3_TaskSupport_checkStack__E)
                  00008f1c    0000000e                  : BIOS.obj (.text:ti_sysbios_knl_Queue_empty__E)
                  00008f2a    00000002     --HOLE-- [fill = 0]
                  00008f2c    0000000c     app_pem3.oem3 (.text:.bootCodeSection:ti_catalog_arm_cortexm3_lm3init_Boot_init)
                  00008f38    0000000c     driverlib-cm3.lib : cpu.obj (.text:CPUcpsid)
                  00008f44    0000000c                       : cpu.obj (.text:CPUcpsie)
                  00008f50    0000000c     sysbios.aem3 : m3_Hwi_asm_switch.obj (.text:_ti_sysbios_family_xxx_Hwi_switchToTaskStack)
                  00008f5c    0000000c                  : BIOS.obj (.text:ti_sysbios_family_arm_lm3_TimestampProvider_startTimer__E)
                  00008f68    0000000c                  : BIOS.obj (.text:ti_sysbios_gates_GateHwi_enter__E)
                  00008f74    0000000c     app_pem3.oem3 (.text:ti_sysbios_knl_Queue_Object__get__S)
                  00008f80    0000000c     ti.targets.arm.rtsarm.aem3 : Error.oem3 (.text:xdc_runtime_Error_init__F)
                  00008f8c    0000000c                                : Gate.oem3 (.text:xdc_runtime_Gate_enterSystem__F)
                  00008f98    0000000c                                : HeapMin.oem3 (.text:xdc_runtime_HeapMin_getStats__F)
                  00008fa4    0000000c                                : Memory.oem3 (.text:xdc_runtime_Memory_calloc__F)
                  00008fb0    0000000c                                : Memory.oem3 (.text:xdc_runtime_Memory_getMaxDefaultTypeAlign__F)
                  00008fbc    0000000c                                : System.oem3 (.text:xdc_runtime_System_exit__F)
                  00008fc8    0000000c                                : System.oem3 (.text:xdc_runtime_System_lastFxn__I)
                  00008fd4    0000000a     driverlib-cm3.lib : interrupt.obj (.text:IntMasterDisable)
                  00008fde    0000000a                       : interrupt.obj (.text:IntMasterEnable)
                  00008fe8    0000000a                       : ssi.obj (.text:SSIDataPut)
                  00008ff2    0000000a                       : ssi.obj (.text:SSIDisable)
                  00008ffc    0000000a                       : ssi.obj (.text:SSIEnable)
                  00009006    0000000a     app_pem3.oem3 (.text:xdc_runtime_IHeap_alloc)
                  00009010    0000000a     app_pem3.oem3 (.text:xdc_runtime_IHeap_free)
                  0000901a    0000000a     ti.targets.arm.rtsarm.aem3 : LoggerBuf.oem3 (.text:xdc_runtime_LoggerBuf_disable__F)
                  00009024    0000000a                                : LoggerBuf.oem3 (.text:xdc_runtime_LoggerBuf_enable__F)
                  0000902e    00000008     driverlib-cm3.lib : ssi.obj (.text:SSIBusy)
                  00009036    00000008     sysbios.aem3 : BIOS.obj (.text:ti_sysbios_family_arm_m3_Hwi_doSwiRestore__I)
                  0000903e    00000008                  : BIOS.obj (.text:ti_sysbios_family_arm_m3_Hwi_startup__E)
                  00009046    00000008                  : BIOS.obj (.text:ti_sysbios_knl_Idle_loop__E)
                  0000904e    00000008     app_pem3.oem3 (.text:xdc_runtime_Text_visitRope__I)
                  00009056    00000006     Boot.aem3 : Boot.oem3 (.text)
                  0000905c    00000006     driverlib-cm3.lib : gpio.obj (.text:GPIOPinWrite)
                  00009062    00000006     ti.targets.arm.rtsarm.aem3 : xdc_noinit.oem3 (.text:__xdc__init)
                  00009068    00000006     rtsv7M3_T_le_eabi.lib : copy_decompress_rle.obj (.text:decompress:rle24)
                  0000906e    00000006                           : cos.obj (.text)
                  00009074    00000006                           : log10f.obj (.text)
                  0000907a    00000006                           : sin.obj (.text)
                  00009080    00000006     sysbios.aem3 : BIOS.obj (.text:ti_sysbios_family_arm_lm3_TimestampProvider_Module_startup__F)
                  00009086    00000006                  : BIOS.obj (.text:ti_sysbios_family_arm_m3_Hwi_doTaskRestore__I)
                  0000908c    00000006                  : BIOS.obj (.text:ti_sysbios_gates_GateHwi_leave__E)
                  00009092    00000006                  : BIOS.obj (.text:ti_sysbios_knl_Queue_Instance_init__F)
                  00009098    00000006                  : BIOS.obj (.text:ti_sysbios_knl_Swi_startup__E)
                  0000909e    00000006     ti.targets.arm.rtsarm.aem3 : System.oem3 (.text:xdc_runtime_System_Module_startup__F)
                  000090a4    00000004     app_pem3.oem3 (.text:ti_sysbios_BIOS_RtsGateProxy_enter__E)
                  000090a8    00000004     app_pem3.oem3 (.text:ti_sysbios_BIOS_RtsGateProxy_leave__E)
                  000090ac    00000004     sysbios.aem3 : BIOS.obj (.text:ti_sysbios_family_arm_lm3_Timer_getPeriod__E)
                  000090b0    00000004     app_pem3.oem3 (.text:ti_sysbios_family_arm_m3_TaskSupport_Module__startupDone__S)
                  000090b4    00000004     sysbios.aem3 : BIOS.obj (.text:ti_sysbios_gates_GateHwi_query__F)
                  000090b8    00000004                  : BIOS.obj (.text:ti_sysbios_gates_GateMutex_query__F)
                  000090bc    00000004     app_pem3.oem3 (.text:ti_sysbios_hal_Hwi_HwiProxy_Module__startupDone__S)
                  000090c0    00000004     app_pem3.oem3 (.text:ti_sysbios_hal_Timer_TimerProxy_Module__startupDone__S)
                  000090c4    00000004     app_pem3.oem3 (.text:ti_sysbios_hal_Timer_TimerProxy_getPeriod__E)
                  000090c8    00000004     app_pem3.oem3 (.text:ti_sysbios_knl_Task_SupportProxy_Module__startupDone__S)
                  000090cc    00000004     sysbios.aem3 : BIOS.obj (.text:ti_sysbios_knl_Task_startup__E)
                  000090d0    00000004     ti.targets.arm.rtsarm.aem3 : Error.oem3 (.text:xdc_runtime_Error_getSite__F)
                  000090d4    00000004                                : HeapMin.oem3 (.text:xdc_runtime_HeapMin_isBlocking__F)
                  000090d8    00000004     app_pem3.oem3 (.text:xdc_runtime_LoggerBuf_Module_GateProxy_enter__E)
                  000090dc    00000004     app_pem3.oem3 (.text:xdc_runtime_LoggerBuf_Module_GateProxy_leave__E)
                  000090e0    00000004     app_pem3.oem3 (.text:xdc_runtime_Memory_HeapProxy_alloc__E)
                  000090e4    00000004     app_pem3.oem3 (.text:xdc_runtime_Memory_HeapProxy_free__E)
                  000090e8    00000004     app_pem3.oem3 (.text:xdc_runtime_Startup_reset__I)
                  000090ec    00000004     app_pem3.oem3 (.text:xdc_runtime_System_Module_GateProxy_enter__E)
                  000090f0    00000004     app_pem3.oem3 (.text:xdc_runtime_System_Module_GateProxy_leave__E)
                  000090f4    00000004     ti.targets.arm.rtsarm.aem3 : System.oem3 (.text:xdc_runtime_System_aprintf_va__F)
                  000090f8    00000004                                : System.oem3 (.text:xdc_runtime_System_printf_va__F)
                  000090fc    00000004     app_pem3.oem3 (.text:xdc_runtime_System_vsnprintf__E)

.const     0    00009100    00000b81     
                  00009100    000001e0     rit128x96x4.obj (.const:g_pucFont)
                  000092e0    000001db     frame_graphics.obj (.const:g_pucFont)
                  000094bb    00000001     --HOLE-- [fill = 0]
                  000094bc    00000004     app_pem3.oem3 (.const:ti_sysbios_BIOS_Module__diagsEnabled__C)
                  000094c0    00000080     rtsv7M3_T_le_eabi.lib : xsin.obj (.const)
                  00009540    0000006c     driverlib-cm3.lib : sysctl.obj (.const:g_pulXtals)
                  000095ac    00000050     app_pem3.oem3 (.const:ti_sysbios_family_arm_m3_Hwi_priorities__A)
                  000095fc    0000004f     rit128x96x4.obj (.const:.string:g_pucRIT128x96x4Init)
                  0000964b    00000001     --HOLE-- [fill = 0]
                  0000964c    00000048     app_pem3.oem3 (.const:.string)
                  00009694    00000040     driverlib-cm3.lib : sysctl.obj (.const)
                  000096d4    00000040     frame_graphics.obj (.const)
                  00009714    0000003c     app_pem3.oem3 (.const:xdc_runtime_LoggerBuf_Module__FXNS__C)
                  00009750    00000038     rtsv7M3_T_le_eabi.lib : xflog.obj (.const)
                  00009788    00000034     app_pem3.oem3 (.const)
                  000097bc    00000030     app_pem3.oem3 (.const:xdc_runtime_Startup_sfxnTab__A)
                  000097ec    00000028     rtsv7M3_T_le_eabi.lib : xfdint.obj (.const)
                  00009814    00000028     app_pem3.oem3 (.const:xdc_runtime_HeapMin_Module__FXNS__C)
                  0000983c    00000024     app_pem3.oem3 (.const:ti_sysbios_gates_GateHwi_Module__FXNS__C)
                  00009860    00000024     app_pem3.oem3 (.const:ti_sysbios_gates_GateMutex_Module__FXNS__C)
                  00009884    00000024     app_pem3.oem3 (.const:ti_sysbios_knl_Semaphore_Object__PARAMS__C)
                  000098a8    00000024     app_pem3.oem3 (.const:xdc_runtime_LoggerBuf_Object__PARAMS__C)
                  000098cc    00000020     app_pem3.oem3 (.const:ti_sysbios_gates_GateHwi_Object__DESC__C)
                  000098ec    00000020     app_pem3.oem3 (.const:ti_sysbios_gates_GateMutex_Object__DESC__C)
                  0000990c    00000020     app_pem3.oem3 (.const:ti_sysbios_knl_Queue_Object__DESC__C)
                  0000992c    00000020     app_pem3.oem3 (.const:ti_sysbios_knl_Semaphore_Object__DESC__C)
                  0000994c    00000020     app_pem3.oem3 (.const:xdc_runtime_HeapMin_Object__DESC__C)
                  0000996c    00000020     app_pem3.oem3 (.const:xdc_runtime_HeapMin_Object__PARAMS__C)
                  0000998c    00000020     app_pem3.oem3 (.const:xdc_runtime_LoggerBuf_Object__DESC__C)
                  000099ac    0000001c     ustdlib.obj (.const)
                  000099c8    00000018     app_pem3.oem3 (.const:ti_sysbios_gates_GateHwi_Object__PARAMS__C)
                  000099e0    00000018     app_pem3.oem3 (.const:ti_sysbios_gates_GateMutex_Object__PARAMS__C)
                  000099f8    00000018     app_pem3.oem3 (.const:ti_sysbios_knl_Queue_Object__PARAMS__C)
                  00009a10    00000018     app_pem3.oem3 (.const:ti_sysbios_knl_Task_hooks__A)
                  00009a28    00000018     app_pem3.oem3 (.const:xdc_runtime_Startup_sfxnRts__A)
                  00009a40    00000012     ustdlib.obj (.const:.string)
                  00009a52    00000002     --HOLE-- [fill = 0]
                  00009a54    00000011     ti.targets.arm.rtsarm.aem3 : System.oem3 (.const)
                  00009a65    00000003     --HOLE-- [fill = 0]
                  00009a68    0000000c     rit128x96x4.obj (.const:.string)
                  00009a74    0000000c     app_pem3.oem3 (.const:xdc_runtime_Startup_firstFxns__A)
                  00009a80    00000008     app_pem3.oem3 (.const:ti_sysbios_family_arm_m3_Hwi_excHookFuncs__A)
                  00009a88    00000008     app_pem3.oem3 (.const:ti_sysbios_knl_Idle_coreList__C)
                  00009a90    00000008     app_pem3.oem3 (.const:ti_sysbios_knl_Idle_funcList__C)
                  00009a98    00000008     app_pem3.oem3 (.const:ti_sysbios_knl_Task_hooks__C)
                  00009aa0    00000008     app_pem3.oem3 (.const:xdc_runtime_Startup_firstFxns__C)
                  00009aa8    00000008     app_pem3.oem3 (.const:xdc_runtime_Startup_lastFxns__A)
                  00009ab0    00000008     app_pem3.oem3 (.const:xdc_runtime_Startup_lastFxns__C)
                  00009ab8    00000004     app_pem3.oem3 (.const:ti_sysbios_BIOS_Module__diagsIncluded__C)
                  00009abc    00000004     app_pem3.oem3 (.const:ti_sysbios_BIOS_Module__diagsMask__C)
                  00009ac0    00000004     app_pem3.oem3 (.const:ti_sysbios_BIOS_installedErrorHook__C)
                  00009ac4    00000004     app_pem3.oem3 (.const:ti_sysbios_family_arm_lm3_Timer_WRALLOW__C)
                  00009ac8    00000004     app_pem3.oem3 (.const:ti_sysbios_family_arm_lm3_Timer_numTimerDevices__C)
                  00009acc    00000004     app_pem3.oem3 (.const:ti_sysbios_family_arm_lm3_Timer_startupNeeded__C)
                  00009ad0    00000004     app_pem3.oem3 (.const:ti_sysbios_family_arm_m3_Hwi_E_NMI__C)
                  00009ad4    00000004     app_pem3.oem3 (.const:ti_sysbios_family_arm_m3_Hwi_E_busFault__C)
                  00009ad8    00000004     app_pem3.oem3 (.const:ti_sysbios_family_arm_m3_Hwi_E_debugMon__C)
                  00009adc    00000004     app_pem3.oem3 (.const:ti_sysbios_family_arm_m3_Hwi_E_hardFault__C)
                  00009ae0    00000004     app_pem3.oem3 (.const:ti_sysbios_family_arm_m3_Hwi_E_memFault__C)
                  00009ae4    00000004     app_pem3.oem3 (.const:ti_sysbios_family_arm_m3_Hwi_E_noIsr__C)
                  00009ae8    00000004     app_pem3.oem3 (.const:ti_sysbios_family_arm_m3_Hwi_E_reserved__C)
                  00009aec    00000004     app_pem3.oem3 (.const:ti_sysbios_family_arm_m3_Hwi_E_svCall__C)
                  00009af0    00000004     app_pem3.oem3 (.const:ti_sysbios_family_arm_m3_Hwi_E_usageFault__C)
                  00009af4    00000004     app_pem3.oem3 (.const:ti_sysbios_family_arm_m3_Hwi_NUM_INTERRUPTS__C)
                  00009af8    00000004     app_pem3.oem3 (.const:ti_sysbios_family_arm_m3_Hwi_ccr__C)
                  00009afc    00000004     app_pem3.oem3 (.const:ti_sysbios_family_arm_m3_Hwi_dispatchTable__C)
                  00009b00    00000004     app_pem3.oem3 (.const:ti_sysbios_family_arm_m3_Hwi_excHandlerFunc__C)
                  00009b04    00000004     app_pem3.oem3 (.const:ti_sysbios_family_arm_m3_Hwi_excHookFuncs__C)
                  00009b08    00000004     app_pem3.oem3 (.const:ti_sysbios_family_arm_m3_Hwi_priGroup__C)
                  00009b0c    00000004     app_pem3.oem3 (.const:ti_sysbios_family_arm_m3_Hwi_priorities__C)
                  00009b10    00000004     app_pem3.oem3 (.const:ti_sysbios_gates_GateMutex_A_badContext__C)
                  00009b14    00000004     app_pem3.oem3 (.const:ti_sysbios_gates_GateMutex_Instance_State_sem__O)
                  00009b18    00000004     app_pem3.oem3 (.const:ti_sysbios_gates_GateMutex_Module__diagsEnabled__C)
                  00009b1c    00000004     app_pem3.oem3 (.const:ti_sysbios_gates_GateMutex_Module__diagsIncluded__C)
                  00009b20    00000004     app_pem3.oem3 (.const:ti_sysbios_gates_GateMutex_Module__diagsMask__C)
                  00009b24    00000004     app_pem3.oem3 (.const:ti_sysbios_hal_Hwi_E_stackOverflow__C)
                  00009b28    00000004     app_pem3.oem3 (.const:ti_sysbios_knl_Clock_Module_State_clockQ__O)
                  00009b2c    00000004     app_pem3.oem3 (.const:ti_sysbios_knl_Idle_coreList__A)
                  00009b30    00000004     app_pem3.oem3 (.const:ti_sysbios_knl_Idle_funcList__A)
                  00009b34    00000004     app_pem3.oem3 (.const:ti_sysbios_knl_Mailbox_Instance_State_dataQue__O)
                  00009b38    00000004     app_pem3.oem3 (.const:ti_sysbios_knl_Mailbox_Instance_State_dataSem__O)
                  00009b3c    00000004     app_pem3.oem3 (.const:ti_sysbios_knl_Mailbox_Instance_State_freeQue__O)
                  00009b40    00000004     app_pem3.oem3 (.const:ti_sysbios_knl_Mailbox_Instance_State_freeSem__O)
                  00009b44    00000004     app_pem3.oem3 (.const:ti_sysbios_knl_Mailbox_Object__count__C)
                  00009b48    00000004     app_pem3.oem3 (.const:ti_sysbios_knl_Semaphore_A_badContext__C)
                  00009b4c    00000004     app_pem3.oem3 (.const:ti_sysbios_knl_Semaphore_A_noEvents__C)
                  00009b50    00000004     app_pem3.oem3 (.const:ti_sysbios_knl_Semaphore_A_overflow__C)
                  00009b54    00000004     app_pem3.oem3 (.const:ti_sysbios_knl_Semaphore_A_pendTaskDisabled__C)
                  00009b58    00000004     app_pem3.oem3 (.const:ti_sysbios_knl_Semaphore_Instance_State_pendQ__O)
                  00009b5c    00000004     app_pem3.oem3 (.const:ti_sysbios_knl_Semaphore_Module__diagsEnabled__C)
                  00009b60    00000004     app_pem3.oem3 (.const:ti_sysbios_knl_Semaphore_Module__diagsIncluded__C)
                  00009b64    00000004     app_pem3.oem3 (.const:ti_sysbios_knl_Semaphore_Module__diagsMask__C)
                  00009b68    00000004     app_pem3.oem3 (.const:ti_sysbios_knl_Swi_Object__count__C)
                  00009b6c    00000004     app_pem3.oem3 (.const:ti_sysbios_knl_Task_E_spOutOfBounds__C)
                  00009b70    00000004     app_pem3.oem3 (.const:ti_sysbios_knl_Task_E_stackOverflow__C)
                  00009b74    00000004     app_pem3.oem3 (.const:ti_sysbios_knl_Task_Module_State_inactiveQ__O)
                  00009b78    00000004     app_pem3.oem3 (.const:ti_sysbios_knl_Task_Object__count__C)
                  00009b7c    00000004     app_pem3.oem3 (.const:ti_sysbios_knl_Task_allBlockedFunc__C)
                  00009b80    00000004     app_pem3.oem3 (.const:ti_sysbios_knl_Task_numConstructedTasks__C)
                  00009b84    00000004     app_pem3.oem3 (.const:xdc_runtime_Assert_E_assertFailed__C)
                  00009b88    00000004     app_pem3.oem3 (.const:xdc_runtime_Core_A_initializedParams__C)
                  00009b8c    00000004     app_pem3.oem3 (.const:xdc_runtime_Core_Module__diagsEnabled__C)
                  00009b90    00000004     app_pem3.oem3 (.const:xdc_runtime_Core_Module__diagsIncluded__C)
                  00009b94    00000004     app_pem3.oem3 (.const:xdc_runtime_Core_Module__diagsMask__C)
                  00009b98    00000004     app_pem3.oem3 (.const:xdc_runtime_Error_E_memory__C)
                  00009b9c    00000004     app_pem3.oem3 (.const:xdc_runtime_Error_Module__diagsEnabled__C)
                  00009ba0    00000004     app_pem3.oem3 (.const:xdc_runtime_Error_Module__diagsIncluded__C)
                  00009ba4    00000004     app_pem3.oem3 (.const:xdc_runtime_Error_Module__diagsMask__C)
                  00009ba8    00000004     app_pem3.oem3 (.const:xdc_runtime_Error_Module__loggerFxn8__C)
                  00009bac    00000004     app_pem3.oem3 (.const:xdc_runtime_Error_Module__loggerObj__C)
                  00009bb0    00000004     app_pem3.oem3 (.const:xdc_runtime_Error_raiseHook__C)
                  00009bb4    00000004     app_pem3.oem3 (.const:xdc_runtime_HeapMin_A_zeroSize__C)
                  00009bb8    00000004     app_pem3.oem3 (.const:xdc_runtime_HeapMin_E_freeError__C)
                  00009bbc    00000004     app_pem3.oem3 (.const:xdc_runtime_HeapMin_Module__diagsEnabled__C)
                  00009bc0    00000004     app_pem3.oem3 (.const:xdc_runtime_HeapMin_Module__diagsIncluded__C)
                  00009bc4    00000004     app_pem3.oem3 (.const:xdc_runtime_HeapMin_Module__diagsMask__C)
                  00009bc8    00000004     app_pem3.oem3 (.const:xdc_runtime_IFilterLogger_Interface__BASE__C)
                  00009bcc    00000004     app_pem3.oem3 (.const:xdc_runtime_IGateProvider_Interface__BASE__C)
                  00009bd0    00000004     app_pem3.oem3 (.const:xdc_runtime_IHeap_Interface__BASE__C)
                  00009bd4    00000004     app_pem3.oem3 (.const:xdc_runtime_ILogger_Interface__BASE__C)
                  00009bd8    00000004     app_pem3.oem3 (.const:xdc_runtime_IModule_Interface__BASE__C)
                  00009bdc    00000004     app_pem3.oem3 (.const:xdc_runtime_Log_L_error__C)
                  00009be0    00000004     app_pem3.oem3 (.const:xdc_runtime_LoggerBuf_E_badLevel__C)
                  00009be4    00000004     app_pem3.oem3 (.const:xdc_runtime_LoggerBuf_Module__gateObj__C)
                  00009be8    00000004     app_pem3.oem3 (.const:xdc_runtime_LoggerBuf_Object__count__C)
                  00009bec    00000004     app_pem3.oem3 (.const:xdc_runtime_LoggerBuf_statusLogger__C)
                  00009bf0    00000004     app_pem3.oem3 (.const:xdc_runtime_Memory_defaultHeapInstance__C)
                  00009bf4    00000004     app_pem3.oem3 (.const:xdc_runtime_Startup_execImpl__C)
                  00009bf8    00000004     app_pem3.oem3 (.const:xdc_runtime_Startup_maxPasses__C)
                  00009bfc    00000004     app_pem3.oem3 (.const:xdc_runtime_Startup_sfxnRts__C)
                  00009c00    00000004     app_pem3.oem3 (.const:xdc_runtime_Startup_sfxnTab__C)
                  00009c04    00000004     app_pem3.oem3 (.const:xdc_runtime_SysMin_bufSize__C)
                  00009c08    00000004     app_pem3.oem3 (.const:xdc_runtime_SysMin_outputFunc__C)
                  00009c0c    00000004     app_pem3.oem3 (.const:xdc_runtime_System_Module__gateObj__C)
                  00009c10    00000004     app_pem3.oem3 (.const:xdc_runtime_System_extendFxn__C)
                  00009c14    00000004     app_pem3.oem3 (.const:xdc_runtime_System_maxAtexitHandlers__C)
                  00009c18    00000004     app_pem3.oem3 (.const:xdc_runtime_Text_charTab__C)
                  00009c1c    00000004     app_pem3.oem3 (.const:xdc_runtime_Text_nameEmpty__C)
                  00009c20    00000004     app_pem3.oem3 (.const:xdc_runtime_Text_nameStatic__C)
                  00009c24    00000004     app_pem3.oem3 (.const:xdc_runtime_Text_nameUnknown__C)
                  00009c28    00000004     app_pem3.oem3 (.const:xdc_runtime_Text_visitRopeFxn__C)
                  00009c2c    00000002     app_pem3.oem3 (.const:ti_sysbios_BIOS_Module__id__C)
                  00009c2e    00000002     --HOLE-- [fill = 0]
                  00009c30    00000002     app_pem3.oem3 (.const:ti_sysbios_family_arm_lm3_TimestampProvider_useClockTimer__C)
                  00009c32    00000002     --HOLE-- [fill = 0]
                  00009c34    00000002     app_pem3.oem3 (.const:ti_sysbios_family_arm_m3_Hwi_Module__id__C)
                  00009c36    00000002     --HOLE-- [fill = 0]
                  00009c38    00000002     app_pem3.oem3 (.const:ti_sysbios_gates_GateMutex_Module__id__C)
                  00009c3a    00000002     --HOLE-- [fill = 0]
                  00009c3c    00000002     app_pem3.oem3 (.const:ti_sysbios_hal_Hwi_Module__id__C)
                  00009c3e    00000002     --HOLE-- [fill = 0]
                  00009c40    00000002     app_pem3.oem3 (.const:ti_sysbios_knl_Semaphore_Module__id__C)
                  00009c42    00000002     --HOLE-- [fill = 0]
                  00009c44    00000002     app_pem3.oem3 (.const:ti_sysbios_knl_Task_Module__id__C)
                  00009c46    00000002     --HOLE-- [fill = 0]
                  00009c48    00000002     app_pem3.oem3 (.const:ti_sysbios_knl_Task_initStackFlag__C)
                  00009c4a    00000002     --HOLE-- [fill = 0]
                  00009c4c    00000002     app_pem3.oem3 (.const:xdc_runtime_Core_Module__id__C)
                  00009c4e    00000002     --HOLE-- [fill = 0]
                  00009c50    00000002     app_pem3.oem3 (.const:xdc_runtime_Error_Module__loggerDefined__C)
                  00009c52    00000002     --HOLE-- [fill = 0]
                  00009c54    00000002     app_pem3.oem3 (.const:xdc_runtime_Error_maxDepth__C)
                  00009c56    00000002     --HOLE-- [fill = 0]
                  00009c58    00000002     app_pem3.oem3 (.const:xdc_runtime_HeapMin_Module__id__C)
                  00009c5a    00000002     --HOLE-- [fill = 0]
                  00009c5c    00000002     app_pem3.oem3 (.const:xdc_runtime_HeapMin_freeError__C)
                  00009c5e    00000002     --HOLE-- [fill = 0]
                  00009c60    00000002     app_pem3.oem3 (.const:xdc_runtime_LoggerBuf_Module__id__C)
                  00009c62    00000002     --HOLE-- [fill = 0]
                  00009c64    00000002     app_pem3.oem3 (.const:xdc_runtime_LoggerBuf_filterByLevel__C)
                  00009c66    00000002     --HOLE-- [fill = 0]
                  00009c68    00000002     app_pem3.oem3 (.const:xdc_runtime_Memory_Module__id__C)
                  00009c6a    00000002     --HOLE-- [fill = 0]
                  00009c6c    00000002     app_pem3.oem3 (.const:xdc_runtime_SysMin_flushAtExit__C)
                  00009c6e    00000002     --HOLE-- [fill = 0]
                  00009c70    00000002     app_pem3.oem3 (.const:xdc_runtime_Text_charCnt__C)
                  00009c72    00000002     --HOLE-- [fill = 0]
                  00009c74    00000002     app_pem3.oem3 (.const:xdc_runtime_Text_isLoaded__C)
                  00009c76    00000002     --HOLE-- [fill = 0]
                  00009c78    00000002     app_pem3.oem3 (.const:xdc_runtime_Text_registryModsLastId__C)
                  00009c7a    00000002     --HOLE-- [fill = 0]
                  00009c7c    00000002     app_pem3.oem3 (.const:xdc_runtime_Text_unnamedModsLastId__C)
                  00009c7e    00000002     --HOLE-- [fill = 0]
                  00009c80    00000001     app_pem3.oem3 (.const:xdc_runtime_Error_policy__C)

.cinit     0    00009c88    000005d0     
                  00009c88    0000059a     (.cinit..data.load) [load image, compression = rle]
                  0000a222    00000002     --HOLE-- [fill = 0]
                  0000a224    0000000c     (__TI_handler_table)
                  0000a230    00000008     (.cinit..bss.load) [load image, compression = zero_init]
                  0000a238    00000008     (.cinit..vecs.load) [load image, compression = zero_init]
                  0000a240    00000018     (__TI_cinit_table)

.vecs      0    20000000    00000140     UNINITIALIZED
                  20000000    00000140     app_pem3.oem3 (.vecs)

.bss       0    20000140    0000c72c     UNINITIALIZED
                  20000140    00003000     app_pem3.oem3 (.bss:taskStackSection)
                  20003140    00002108     main.obj (.bss:kiss_fft_cfg_buffer$1)
                  20005248    00002000     main.obj (.bss:in$2)
                  20007248    00002000     main.obj (.bss:out$3)
                  20009248    00001800     frame_graphics.obj (.bss:g_pucFrame)
                  2000aa48    00001000     main.obj (.bss:g_psADCBuffer)
                  2000ba48    00000800     main.obj (.bss:specBuff)
                  2000c248    00000200     main.obj (.bss:specOut)
                  2000c448    00000120     rtsv7M3_T_le_eabi.lib : trgmsg.obj (.bss:__CIOBUF_)
                  2000c568    00000100     main.obj (.bss:trigBuff)
                  2000c668    000000a0     app_pem3.oem3 (.bss:ti_sysbios_knl_Mailbox_Instance_State_0_allocBuf__A)
                  2000c708    00000080     app_pem3.oem3 (.bss:xdc_runtime_LoggerBuf_Instance_State_0_entryArr__A)
                  2000c788    00000080     app_pem3.oem3 (.bss:xdc_runtime_SysMin_Module_State_0_outbuf__A)
                  2000c808    00000038     app_pem3.oem3 (.bss)
                  2000c840    00000018     buttons.obj (.bss)
                  2000c858    0000000c     rit128x96x4.obj (.bss)
                  2000c864    00000008     rtsv7M3_T_le_eabi.lib : trgdrv.obj (.bss)

.data      0    2000c870    00000a2c     
                  2000c870    000001c8     app_pem3.oem3 (.data:ti_sysbios_knl_Task_Object__table__V)
                  2000ca38    000001bc     app_pem3.oem3 (.data)
                  2000cbf4    00000140     app_pem3.oem3 (.data:ti_sysbios_family_arm_m3_Hwi_Module_State_0_dispatchTable__A)
                  2000cd34    000000b0     rtsv7M3_T_le_eabi.lib : signal.obj (.data:sigtable)
                  2000cde4    00000004                           : dtor_list.obj (.data)
                  2000cde8    00000080                           : xvalues.obj (.data)
                  2000ce68    00000080     app_pem3.oem3 (.data:ti_sysbios_knl_Swi_Module_State_0_readyQ__A)
                  2000cee8    00000080     app_pem3.oem3 (.data:ti_sysbios_knl_Task_Module_State_0_readyQ__A)
                  2000cf68    00000068     rtsv7M3_T_le_eabi.lib : xfvalues.obj (.data)
                  2000cfd0    00000064     app_pem3.oem3 (.data:ti_sysbios_knl_Semaphore_Object__table__V)
                  2000d034    00000060     app_pem3.oem3 (.data:ti_sysbios_family_arm_lm3_Timer_Object__table__V)
                  2000d094    00000054     app_pem3.oem3 (.data:ti_sysbios_family_arm_m3_Hwi_Module__state__V)
                  2000d0e8    00000050     app_pem3.oem3 (.data:ti_sysbios_knl_Mailbox_Object__table__V)
                  2000d138    00000048     app_pem3.oem3 (.data:ti_sysbios_family_arm_m3_Hwi_Object__table__V)
                  2000d180    00000044     app_pem3.oem3 (.data:ti_sysbios_knl_Task_Module__state__V)
                  2000d1c4    00000038     main.obj (.data)
                  2000d1fc    00000030     app_pem3.oem3 (.data:ti_sysbios_knl_Swi_Object__table__V)
                  2000d22c    00000028     app_pem3.oem3 (.data:ti_sysbios_knl_Clock_Module__state__V)
                  2000d254    00000024     app_pem3.oem3 (.data:xdc_runtime_LoggerBuf_Object__table__V)
                  2000d278    00000008     rtsv7M3_T_le_eabi.lib : _lock.obj (.data)
                  2000d280    00000008                           : exit.obj (.data)
                  2000d288    00000008                           : feraiseexcept.obj (.data)
                  2000d290    00000004                           : errno.obj (.data)
                  2000d294    00000004                           : stkdepth_vars.obj (.data)
                  2000d298    00000004     ustdlib.obj (.data)

.stack     0    2000d29c    00000400     UNINITIALIZED
                  2000d29c    00000400     --HOLE--


LINKER GENERATED COPY TABLES

__TI_cinit_table @ 0000a240 records: 3, size/record: 8, table size: 24
	.data: load addr=00009c88, load size=0000059a bytes, run addr=2000c870, run size=00000a2c bytes, compression=rle
	.bss: load addr=0000a230, load size=00000008 bytes, run addr=20000140, run size=0000c72c bytes, compression=zero_init
	.vecs: load addr=0000a238, load size=00000008 bytes, run addr=20000000, run size=00000140 bytes, compression=zero_init


LINKER GENERATED HANDLER TABLE

__TI_handler_table @ 0000a224 records: 3, size/record: 4, table size: 12
	index: 0, handler: __TI_zero_init
	index: 1, handler: __TI_decompress_rle24
	index: 2, handler: __TI_decompress_none


GLOBAL SYMBOLS: SORTED ALPHABETICALLY BY Name 

address    name
--------   ----
0000978c   ADC0
00001a8d   ADCISR
00008dc5   ADCIntEnable
00008681   ADCSequenceConfigure
00008ee5   ADCSequenceDisable
00008ef3   ADCSequenceEnable
000070bd   ADCSequenceStepConfigure
00009790   ButtonClock
00006545   ButtonDebounce
00001acf   ButtonTask
00009788   ButtonTaskHandle
00007da9   C$$EXIT
000073c3   C$$IO$$
00008f39   CPUcpsid
00008f45   CPUcpsie
00001b71   ClockTick
00001dd1   DisplayTask
000097a0   DisplayTaskHandle
00002551   DrawChar
00002719   DrawCircle
000027b3   DrawFilledRectangle
00002437   DrawLine
000023c7   DrawPoint
00002629   DrawString
00002149   FFTTask
000097a8   FFTTaskHandle
00002355   FillFrame
000084ed   GPIODirModeSet
00005bc1   GPIOPadConfigSet
00008d11   GPIOPinTypeGPIOInput
00008d23   GPIOPinTypeGPIOOutput
00008d35   GPIOPinTypeSSI
0000905d   GPIOPinWrite
000038e3   HOSTclock
000038a9   HOSTclose
0000386b   HOSTgetenv
0000380f   HOSTlseek
000037bf   HOSTopen
00003771   HOSTread
00003711   HOSTrename
000036d5   HOSTtime
0000369b   HOSTunlink
0000364d   HOSTwrite
00008fd5   IntMasterDisable
00008fdf   IntMasterEnable
000089b9   LoggerBuf_instanceStartup
00002ae5   RIT128x96x4Clear
00002d73   RIT128x96x4Disable
00002ebb   RIT128x96x4DisplayOff
00002e87   RIT128x96x4DisplayOn
00002d19   RIT128x96x4Enable
00002c7d   RIT128x96x4ImageDraw
00002de1   RIT128x96x4Init
00002b4d   RIT128x96x4StringDraw
UNDEFED    SHT$$INIT_ARRAY$$Base
UNDEFED    SHT$$INIT_ARRAY$$Limit
0000902f   SSIBusy
00007abd   SSIConfigSetExpClk
00008d47   SSIDataGetNonBlocking
00008fe9   SSIDataPut
00008ff3   SSIDisable
00008ffd   SSIEnable
000088d9   SysCtlADCSpeedSet
00004385   SysCtlClockGet
00007631   SysCtlPeripheralEnable
000069cd   SysCtlPeripheralReset
2000c9ec   TSK_idle
00001d29   UITask
0000979c   UITaskHandle
00001b8d   WaveformTask
000097a4   WaveformTaskHandle
2000cde8   _Denorm
00005d49   _Dnorm
0000527d   _Dscale
00007b89   _Dtest
000072d3   _Dunscale
2000cdf8   _Eps
2000d290   _Errno
2000cf68   _FDenorm
00006701   _FDint
00006def   _FDnorm
000081d1   _FDtest
000076e1   _FDunscale
2000cf78   _FEps
2000cf88   _FInf
0000400d   _FLog
2000cf98   _FNan
2000cfb8   _FRteps
2000cfa8   _FSnan
2000cfc8   _FXbig
2000cfcc   _FZero
2000d288   _Fenv
0000836d   _Feraise
2000ce08   _Hugeval
2000ce18   _Inf
2000ce28   _Nan
2000ce48   _Rteps
00003931   _Sin
2000ce38   _Snan
2000d28c   _Tls_setup__Fenv
2000ce58   _Xbig
2000ce60   _Zero
00000000   __ASM__
2000c448   __CIOBUF_
00000062   __ISA__
00000074   __PLAT__
2000d69c   __STACK_END
00000400   __STACK_SIZE
2000d49c   __STACK_TOP
0000009a   __TARG__
0000a240   __TI_CINIT_Base
0000a258   __TI_CINIT_Limit
0000a224   __TI_Handler_Table_Base
0000a230   __TI_Handler_Table_Limit
00000001   __TI_args_main
000062cd   __TI_auto_init
00008f01   __TI_decompress_none
00009069   __TI_decompress_rle24
00000000   __TI_static_base__
00008d59   __TI_zero_init
000000bf   __TRDR__
000057bb   __aeabi_atexit
00006d71   __aeabi_cdcmpeq
00006d71   __aeabi_cdcmple
00007337   __aeabi_cfcmpeq
00007337   __aeabi_cfcmple
000078c5   __aeabi_d2f
0000790f   __aeabi_d2iz
000041d7   __aeabi_dadd
00004cf5   __aeabi_ddiv
0000537d   __aeabi_dmul
000041cd   __aeabi_dsub
00007fd9   __aeabi_f2d
00008011   __aeabi_f2iz
0000547d   __aeabi_fadd
0000666d   __aeabi_fdiv
00006ee9   __aeabi_fmul
00005479   __aeabi_fsub
00008549   __aeabi_i2d
00008049   __aeabi_i2f
00006f63   __aeabi_memclr
00006f63   __aeabi_memclr4
00006f63   __aeabi_memclr8
0000640d   __aeabi_memcpy
0000640d   __aeabi_memcpy4
0000640d   __aeabi_memcpy8
00006f65   __aeabi_memset
00006f65   __aeabi_memset4
00006f65   __aeabi_memset8
00007d65   __aeabi_uidivmod
ffffffff   __binit__
ffffffff   __c_args__
000057a9   __cxa_atexit
00005765   __cxa_finalize
000057a3   __cxa_ia64_exit
2000d29c   __stack
00009063   __xdc__init
2000cbf0   __xdc__init__addr
00008b25   _args_main
00007a79   _c_int00
2000d280   _cleanup_ptr
2000d284   _dtors_ptr
2000d278   _lock
00008c6b   _nop
00008c63   _register_lock
00008c5d   _register_unlock
2000d27c   _unlock
00007dad   abort
000057ad   atexit
ffffffff   binit
00007b01   copy_in
0000906f   cos
00007db5   exit
2000d1e8   fLevel
2000d1d8   fVoltsPerDiv
0000833d   feraiseexcept
2000d1f0   fifo_head
2000d1f4   fifo_tail
00005c89   floor
00004685   fmod
00008b0d   free
2000d1c4   g_iADCBufferIndex
2000aa48   g_psADCBuffer
000092e0   g_pucFont
20009248   g_pucFrame
2000d1c8   g_ulADCErrors
2000c840   g_ulButtons
2000d1cc   g_ulTime
2000d1f8   initial
00000fd7   kiss_fft
00000e57   kiss_fft_alloc
00000fed   kiss_fft_cleanup
00000fef   kiss_fft_next_fast_size
00000f6f   kiss_fft_stride
00009075   log10f
00009798   mailbox0
0000222f   main
2000d294   main_func_sp
0000851b   malloc
0000640d   memcpy
00006f6b   memset
00008577   raise
000073c7   readmsg
2000d1d4   risingFalling
00007b45   roundf
00009794   sem_Button
000097b0   sem_Display
000097b8   sem_FFT
000097ac   sem_UI
000097b4   sem_Waveform
00007de9   signal
0000907b   sin
2000d1d0   spec
2000ba48   specBuff
2000c248   specOut
0000492d   sqrt
00008d6b   strcpy
00008c71   strlen
00008f2d   ti_catalog_arm_cortexm3_lm3init_Boot_init
00004f59   ti_catalog_arm_cortexm3_lm3init_Boot_sysCtlClockSet
00009057   ti_catalog_arm_cortexm3_lm3init_Boot_sysCtlDelay
000094bc   ti_sysbios_BIOS_Module__diagsEnabled__C
00009ab8   ti_sysbios_BIOS_Module__diagsIncluded__C
00009abc   ti_sysbios_BIOS_Module__diagsMask__C
00009c2c   ti_sysbios_BIOS_Module__id__C
2000ca38   ti_sysbios_BIOS_Module__state__V
000090a5   ti_sysbios_BIOS_RtsGateProxy_enter__E
000090a9   ti_sysbios_BIOS_RtsGateProxy_leave__E
000090b9   ti_sysbios_BIOS_RtsGateProxy_query__E
0000839d   ti_sysbios_BIOS_errorRaiseHook__I
000083cd   ti_sysbios_BIOS_exitFunc__I
00009ac0   ti_sysbios_BIOS_installedErrorHook__C
00004383   ti_sysbios_BIOS_nullFunc__I
0000874d   ti_sysbios_BIOS_registerRTSLock__I
000088f9   ti_sysbios_BIOS_removeRTSLock__I
00008a19   ti_sysbios_BIOS_rtsLock__I
00006fdd   ti_sysbios_BIOS_rtsUnlock__I
00008e05   ti_sysbios_BIOS_setThreadType__E
00008771   ti_sysbios_BIOS_startFunc__I
00008e15   ti_sysbios_BIOS_start__E
2000ca60   ti_sysbios_family_arm_lm3_Timer_Module_State_0_device__A
2000ca80   ti_sysbios_family_arm_lm3_Timer_Module_State_0_handles__A
2000ca58   ti_sysbios_family_arm_lm3_Timer_Module__root__V
00008b3d   ti_sysbios_family_arm_lm3_Timer_Module__startupDone__F
00008b3d   ti_sysbios_family_arm_lm3_Timer_Module__startupDone__S
2000ca90   ti_sysbios_family_arm_lm3_Timer_Module__state__V
00007789   ti_sysbios_family_arm_lm3_Timer_Module_startup__E
00007789   ti_sysbios_family_arm_lm3_Timer_Module_startup__F
2000d034   ti_sysbios_family_arm_lm3_Timer_Object__table__V
00009ac4   ti_sysbios_family_arm_lm3_Timer_WRALLOW__C
00007bcd   ti_sysbios_family_arm_lm3_Timer_enableTimers__I
000090ad   ti_sysbios_family_arm_lm3_Timer_getPeriod__E
00006791   ti_sysbios_family_arm_lm3_Timer_initDevice__I
00008795   ti_sysbios_family_arm_lm3_Timer_isrStub__E
00009ac8   ti_sysbios_family_arm_lm3_Timer_numTimerDevices__C
000087b9   ti_sysbios_family_arm_lm3_Timer_setPeriod__E
00006e6d   ti_sysbios_family_arm_lm3_Timer_start__E
00009acc   ti_sysbios_family_arm_lm3_Timer_startupNeeded__C
00007e29   ti_sysbios_family_arm_lm3_Timer_startup__E
000087dd   ti_sysbios_family_arm_lm3_Timer_stop__E
2000ca9c   ti_sysbios_family_arm_lm3_TimestampProvider_Module__state__V
00009081   ti_sysbios_family_arm_lm3_TimestampProvider_Module_startup__E
00009081   ti_sysbios_family_arm_lm3_TimestampProvider_Module_startup__F
0000636d   ti_sysbios_family_arm_lm3_TimestampProvider_get64__E
00008e25   ti_sysbios_family_arm_lm3_TimestampProvider_rolloverFunc__E
00008f5d   ti_sysbios_family_arm_lm3_TimestampProvider_startTimer__E
00009c30   ti_sysbios_family_arm_lm3_TimestampProvider_useClockTimer__C
00009ad0   ti_sysbios_family_arm_m3_Hwi_E_NMI__C
00009ad4   ti_sysbios_family_arm_m3_Hwi_E_busFault__C
00009ad8   ti_sysbios_family_arm_m3_Hwi_E_debugMon__C
00009adc   ti_sysbios_family_arm_m3_Hwi_E_hardFault__C
00009ae0   ti_sysbios_family_arm_m3_Hwi_E_memFault__C
00009ae4   ti_sysbios_family_arm_m3_Hwi_E_noIsr__C
00009ae8   ti_sysbios_family_arm_m3_Hwi_E_reserved__C
00009aec   ti_sysbios_family_arm_m3_Hwi_E_svCall__C
00009af0   ti_sysbios_family_arm_m3_Hwi_E_usageFault__C
00008b55   ti_sysbios_family_arm_m3_Hwi_Handle__label__S
2000cbf4   ti_sysbios_family_arm_m3_Hwi_Module_State_0_dispatchTable__A
2000caac   ti_sysbios_family_arm_m3_Hwi_Module_State_0_excActive__A
2000cab0   ti_sysbios_family_arm_m3_Hwi_Module_State_0_excContext__A
2000cab4   ti_sysbios_family_arm_m3_Hwi_Module_State_0_excStack__A
00009c34   ti_sysbios_family_arm_m3_Hwi_Module__id__C
2000caa4   ti_sysbios_family_arm_m3_Hwi_Module__root__V
00008b6d   ti_sysbios_family_arm_m3_Hwi_Module__startupDone__F
00008b6d   ti_sysbios_family_arm_m3_Hwi_Module__startupDone__S
2000d094   ti_sysbios_family_arm_m3_Hwi_Module__state__V
00006229   ti_sysbios_family_arm_m3_Hwi_Module_startup__E
00006229   ti_sysbios_family_arm_m3_Hwi_Module_startup__F
00009af4   ti_sysbios_family_arm_m3_Hwi_NUM_INTERRUPTS__C
2000d138   ti_sysbios_family_arm_m3_Hwi_Object__table__V
00009af8   ti_sysbios_family_arm_m3_Hwi_ccr__C
00007c11   ti_sysbios_family_arm_m3_Hwi_disableInterrupt__E
000073f9   ti_sysbios_family_arm_m3_Hwi_dispatchC__I
00009afc   ti_sysbios_family_arm_m3_Hwi_dispatchTable__C
00005075   ti_sysbios_family_arm_m3_Hwi_dispatch__I
00009037   ti_sysbios_family_arm_m3_Hwi_doSwiRestore__I
00009087   ti_sysbios_family_arm_m3_Hwi_doTaskRestore__I
00007c55   ti_sysbios_family_arm_m3_Hwi_enableInterrupt__E
0000451d   ti_sysbios_family_arm_m3_Hwi_excBusFault__I
00006025   ti_sysbios_family_arm_m3_Hwi_excDebugMon__I
00002ee9   ti_sysbios_family_arm_m3_Hwi_excDumpRegs__I
00005159   ti_sysbios_family_arm_m3_Hwi_excHandlerAsm__I
00009b00   ti_sysbios_family_arm_m3_Hwi_excHandlerFunc__C
00003e21   ti_sysbios_family_arm_m3_Hwi_excHandlerMax__I
00008e35   ti_sysbios_family_arm_m3_Hwi_excHandler__I
00005e09   ti_sysbios_family_arm_m3_Hwi_excHardFault__I
00009a80   ti_sysbios_family_arm_m3_Hwi_excHookFuncs__A
00009b04   ti_sysbios_family_arm_m3_Hwi_excHookFuncs__C
00004a79   ti_sysbios_family_arm_m3_Hwi_excMemFault__I
00008205   ti_sysbios_family_arm_m3_Hwi_excNmi__I
00008081   ti_sysbios_family_arm_m3_Hwi_excNoIsr__I
00007959   ti_sysbios_family_arm_m3_Hwi_excReserved__I
00007ee9   ti_sysbios_family_arm_m3_Hwi_excSvCall__I
000047d9   ti_sysbios_family_arm_m3_Hwi_excUsageFault__I
000080b9   ti_sysbios_family_arm_m3_Hwi_getStackInfo__E
0000593d   ti_sysbios_family_arm_m3_Hwi_initNVIC__E
00008af5   ti_sysbios_family_arm_m3_Hwi_initStacks__E
e000e000   ti_sysbios_family_arm_m3_Hwi_nvic
00005127   ti_sysbios_family_arm_m3_Hwi_pendSV__I
00009b08   ti_sysbios_family_arm_m3_Hwi_priGroup__C
000095ac   ti_sysbios_family_arm_m3_Hwi_priorities__A
00009b0c   ti_sysbios_family_arm_m3_Hwi_priorities__C
20000000   ti_sysbios_family_arm_m3_Hwi_ramVectors
00000000   ti_sysbios_family_arm_m3_Hwi_resetVectors
0000513f   ti_sysbios_family_arm_m3_Hwi_return
0000903f   ti_sysbios_family_arm_m3_Hwi_startup__E
00008c85   ti_sysbios_family_arm_m3_Hwi_switchFromBootStack__E
000090b1   ti_sysbios_family_arm_m3_TaskSupport_Module__startupDone__S
00007879   ti_sysbios_family_arm_m3_TaskSupport_buildTaskStack
00008f0f   ti_sysbios_family_arm_m3_TaskSupport_checkStack__E
00008dd5   ti_sysbios_family_arm_m3_TaskSupport_glue
000080f1   ti_sysbios_family_arm_m3_TaskSupport_start__E
00008de5   ti_sysbios_family_arm_m3_TaskSupport_swap__E
00008df5   ti_sysbios_family_xxx_Hwi_switchToIsrStack
00008f51   ti_sysbios_family_xxx_Hwi_switchToTaskStack
00008b85   ti_sysbios_gates_GateHwi_Handle__label__S
00004e2b   ti_sysbios_gates_GateHwi_Instance_init__F
0000983c   ti_sysbios_gates_GateHwi_Module__FXNS__C
2000cab8   ti_sysbios_gates_GateHwi_Module__root__V
000098cc   ti_sysbios_gates_GateHwi_Object__DESC__C
000099c8   ti_sysbios_gates_GateHwi_Object__PARAMS__C
00008239   ti_sysbios_gates_GateHwi_Object__create__S
00008919   ti_sysbios_gates_GateHwi_Object__delete__S
2000cac0   ti_sysbios_gates_GateHwi_Object__table__V
00008f69   ti_sysbios_gates_GateHwi_enter__E
0000908d   ti_sysbios_gates_GateHwi_leave__E
000090b5   ti_sysbios_gates_GateHwi_query__E
000090b5   ti_sysbios_gates_GateHwi_query__F
00009b10   ti_sysbios_gates_GateMutex_A_badContext__C
00008b9d   ti_sysbios_gates_GateMutex_Handle__label__S
00009b14   ti_sysbios_gates_GateMutex_Instance_State_sem__O
00008e45   ti_sysbios_gates_GateMutex_Instance_finalize__F
000086d5   ti_sysbios_gates_GateMutex_Instance_init__F
00009860   ti_sysbios_gates_GateMutex_Module__FXNS__C
00009b18   ti_sysbios_gates_GateMutex_Module__diagsEnabled__C
00009b1c   ti_sysbios_gates_GateMutex_Module__diagsIncluded__C
00009b20   ti_sysbios_gates_GateMutex_Module__diagsMask__C
00009c38   ti_sysbios_gates_GateMutex_Module__id__C
2000cac4   ti_sysbios_gates_GateMutex_Module__root__V
000098ec   ti_sysbios_gates_GateMutex_Object__DESC__C
000099e0   ti_sysbios_gates_GateMutex_Object__PARAMS__C
0000826d   ti_sysbios_gates_GateMutex_Object__create__S
00008801   ti_sysbios_gates_GateMutex_Object__delete__S
2000cacc   ti_sysbios_gates_GateMutex_Object__table__V
00005ebd   ti_sysbios_gates_GateMutex_enter__E
00008bb5   ti_sysbios_gates_GateMutex_leave__E
000090b9   ti_sysbios_gates_GateMutex_query__E
000090b9   ti_sysbios_gates_GateMutex_query__F
00009b24   ti_sysbios_hal_Hwi_E_stackOverflow__C
000090bd   ti_sysbios_hal_Hwi_HwiProxy_Module__startupDone__S
00007c11   ti_sysbios_hal_Hwi_HwiProxy_disableInterrupt__E
00007c55   ti_sysbios_hal_Hwi_HwiProxy_enableInterrupt__E
000080b9   ti_sysbios_hal_Hwi_HwiProxy_getStackInfo__E
0000903f   ti_sysbios_hal_Hwi_HwiProxy_startup__E
00008c85   ti_sysbios_hal_Hwi_HwiProxy_switchFromBootStack__E
00009c3c   ti_sysbios_hal_Hwi_Module__id__C
2000cae8   ti_sysbios_hal_Hwi_Module__root__V
00008d7d   ti_sysbios_hal_Hwi_Module_startup__E
00008d7d   ti_sysbios_hal_Hwi_Module_startup__F
2000caf0   ti_sysbios_hal_Hwi_Object__table__V
000082a1   ti_sysbios_hal_Hwi_checkStack
00007c11   ti_sysbios_hal_Hwi_disableInterrupt__E
00007c55   ti_sysbios_hal_Hwi_enableInterrupt__E
000080b9   ti_sysbios_hal_Hwi_getStackInfo__E
000085a5   ti_sysbios_hal_Hwi_initStack
0000903f   ti_sysbios_hal_Hwi_startup__E
00008c85   ti_sysbios_hal_Hwi_switchFromBootStack__E
2000caf8   ti_sysbios_hal_Timer_Module__root__V
00008bcd   ti_sysbios_hal_Timer_Module__startupDone__F
00008bcd   ti_sysbios_hal_Timer_Module__startupDone__S
00008d8f   ti_sysbios_hal_Timer_Module_startup__E
00008d8f   ti_sysbios_hal_Timer_Module_startup__F
2000cb00   ti_sysbios_hal_Timer_Object__table__V
000090c1   ti_sysbios_hal_Timer_TimerProxy_Module__startupDone__S
000090c5   ti_sysbios_hal_Timer_TimerProxy_getPeriod__E
00007e29   ti_sysbios_hal_Timer_TimerProxy_startup__E
00007e29   ti_sysbios_hal_Timer_startup__E
00009b28   ti_sysbios_knl_Clock_Module_State_clockQ__O
2000cb08   ti_sysbios_knl_Clock_Module__root__V
2000d22c   ti_sysbios_knl_Clock_Module__state__V
00008825   ti_sysbios_knl_Clock_Module_startup__E
00008825   ti_sysbios_knl_Clock_Module_startup__F
2000cb10   ti_sysbios_knl_Clock_Object__table__V
000085d1   ti_sysbios_knl_Clock_doTick__I
00005573   ti_sysbios_knl_Clock_logTick__E
00007129   ti_sysbios_knl_Clock_workFunc__E
2000cb30   ti_sysbios_knl_Event_Module__root__V
00009b2c   ti_sysbios_knl_Idle_coreList__A
00009a88   ti_sysbios_knl_Idle_coreList__C
00009b30   ti_sysbios_knl_Idle_funcList__A
00009a90   ti_sysbios_knl_Idle_funcList__C
00009047   ti_sysbios_knl_Idle_loop__E
000083fd   ti_sysbios_knl_Idle_run__E
2000c668   ti_sysbios_knl_Mailbox_Instance_State_0_allocBuf__A
00009b34   ti_sysbios_knl_Mailbox_Instance_State_dataQue__O
00009b38   ti_sysbios_knl_Mailbox_Instance_State_dataSem__O
00009b3c   ti_sysbios_knl_Mailbox_Instance_State_freeQue__O
00009b40   ti_sysbios_knl_Mailbox_Instance_State_freeSem__O
2000cb38   ti_sysbios_knl_Mailbox_Module__root__V
00006a55   ti_sysbios_knl_Mailbox_Module_startup__E
00006a55   ti_sysbios_knl_Mailbox_Module_startup__F
00009b44   ti_sysbios_knl_Mailbox_Object__count__C
00008c99   ti_sysbios_knl_Mailbox_Object__get__S
2000d0e8   ti_sysbios_knl_Mailbox_Object__table__V
00006b65   ti_sysbios_knl_Mailbox_pend__E
00006be9   ti_sysbios_knl_Mailbox_post__E
00009093   ti_sysbios_knl_Queue_Instance_init__F
2000cb40   ti_sysbios_knl_Queue_Module__root__V
0000990c   ti_sysbios_knl_Queue_Object__DESC__C
000099f8   ti_sysbios_knl_Queue_Object__PARAMS__C
000082d5   ti_sysbios_knl_Queue_Object__create__S
00008a35   ti_sysbios_knl_Queue_Object__destruct__S
00008f75   ti_sysbios_knl_Queue_Object__get__S
00008f1d   ti_sysbios_knl_Queue_empty__E
00008a51   ti_sysbios_knl_Queue_put__E
00009b48   ti_sysbios_knl_Semaphore_A_badContext__C
00009b4c   ti_sysbios_knl_Semaphore_A_noEvents__C
00009b50   ti_sysbios_knl_Semaphore_A_overflow__C
00009b54   ti_sysbios_knl_Semaphore_A_pendTaskDisabled__C
00009b58   ti_sysbios_knl_Semaphore_Instance_State_pendQ__O
00008e55   ti_sysbios_knl_Semaphore_Instance_finalize__F
00006181   ti_sysbios_knl_Semaphore_Instance_init__F
00009b5c   ti_sysbios_knl_Semaphore_Module__diagsEnabled__C
00009b60   ti_sysbios_knl_Semaphore_Module__diagsIncluded__C
00009b64   ti_sysbios_knl_Semaphore_Module__diagsMask__C
00009c40   ti_sysbios_knl_Semaphore_Module__id__C
2000cb48   ti_sysbios_knl_Semaphore_Module__root__V
0000992c   ti_sysbios_knl_Semaphore_Object__DESC__C
00009884   ti_sysbios_knl_Semaphore_Object__PARAMS__C
00008129   ti_sysbios_knl_Semaphore_Object__create__S
00008939   ti_sysbios_knl_Semaphore_Object__destruct__S
2000cfd0   ti_sysbios_knl_Semaphore_Object__table__V
00007e69   ti_sysbios_knl_Semaphore_pendTimeout__I
00003bd1   ti_sysbios_knl_Semaphore_pend__E
00005851   ti_sysbios_knl_Semaphore_post__E
00008be5   ti_sysbios_knl_Swi_Handle__label__S
2000ce68   ti_sysbios_knl_Swi_Module_State_0_readyQ__A
2000cb50   ti_sysbios_knl_Swi_Module__root__V
2000cb58   ti_sysbios_knl_Swi_Module__state__V
00008849   ti_sysbios_knl_Swi_Module_startup__E
00008849   ti_sysbios_knl_Swi_Module_startup__F
00009b68   ti_sysbios_knl_Swi_Object__count__C
00008cad   ti_sysbios_knl_Swi_Object__get__S
2000d1fc   ti_sysbios_knl_Swi_Object__table__V
00008e65   ti_sysbios_knl_Swi_disable__E
00007c99   ti_sysbios_knl_Swi_post__E
00007579   ti_sysbios_knl_Swi_restoreHwi__E
00007f25   ti_sysbios_knl_Swi_restore__E
00007459   ti_sysbios_knl_Swi_run__I
000060d5   ti_sysbios_knl_Swi_schedule__I
00009099   ti_sysbios_knl_Swi_startup__E
00009b6c   ti_sysbios_knl_Task_E_spOutOfBounds__C
00009b70   ti_sysbios_knl_Task_E_stackOverflow__C
00008bfd   ti_sysbios_knl_Task_Handle__label__S
2000c808   ti_sysbios_knl_Task_Instance_State_0_hookEnv__A
20000140   ti_sysbios_knl_Task_Instance_State_0_stack__A
[...]
00008b55   ti_sysbios_family_arm_m3_Hwi_Handle__label__S
00008b6d   ti_sysbios_family_arm_m3_Hwi_Module__startupDone__F
00008b6d   ti_sysbios_family_arm_m3_Hwi_Module__startupDone__S
00008b85   ti_sysbios_gates_GateHwi_Handle__label__S
00008b9d   ti_sysbios_gates_GateMutex_Handle__label__S
00008bb5   ti_sysbios_gates_GateMutex_leave__E
00008bcd   ti_sysbios_hal_Timer_Module__startupDone__F
00008bcd   ti_sysbios_hal_Timer_Module__startupDone__S
00008be5   ti_sysbios_knl_Swi_Handle__label__S
00008bfd   ti_sysbios_knl_Task_Handle__label__S
00008c15   xdc_runtime_HeapMin_Handle__label__S
00008c2d   xdc_runtime_LoggerBuf_Handle__label__S
00008c45   xdc_runtime_Text_ropeText__E
00008c45   xdc_runtime_Text_ropeText__F
00008c5d   _register_unlock
00008c63   _register_lock
00008c6b   _nop
00008c71   strlen
00008c85   ti_sysbios_family_arm_m3_Hwi_switchFromBootStack__E
00008c85   ti_sysbios_hal_Hwi_HwiProxy_switchFromBootStack__E
00008c85   ti_sysbios_hal_Hwi_switchFromBootStack__E
00008c99   ti_sysbios_knl_Mailbox_Object__get__S
00008cad   ti_sysbios_knl_Swi_Object__get__S
00008cc1   xdc_runtime_LoggerBuf_Instance_finalize__F
00008cd5   xdc_runtime_LoggerBuf_Object__get__S
00008ce9   xdc_runtime_LoggerBuf_write2__E
00008ce9   xdc_runtime_LoggerBuf_write2__F
00008cfd   xdc_runtime_System_abort__E
00008cfd   xdc_runtime_System_abort__F
00008d11   GPIOPinTypeGPIOInput
00008d23   GPIOPinTypeGPIOOutput
00008d35   GPIOPinTypeSSI
00008d47   SSIDataGetNonBlocking
00008d59   __TI_zero_init
00008d6b   strcpy
00008d7d   ti_sysbios_hal_Hwi_Module_startup__E
00008d7d   ti_sysbios_hal_Hwi_Module_startup__F
00008d8f   ti_sysbios_hal_Timer_Module_startup__E
00008d8f   ti_sysbios_hal_Timer_Module_startup__F
00008da1   xdc_runtime_LoggerBuf_write1__E
00008da1   xdc_runtime_LoggerBuf_write1__F
00008db3   xdc_runtime_Startup_exec__I
00008dc5   ADCIntEnable
00008dd5   ti_sysbios_family_arm_m3_TaskSupport_glue
00008de5   ti_sysbios_family_arm_m3_TaskSupport_swap__E
00008de5   ti_sysbios_knl_Task_SupportProxy_swap__E
00008ded   ti_sysbios_knl_Task_swapReturn
00008df5   ti_sysbios_family_xxx_Hwi_switchToIsrStack
00008e05   ti_sysbios_BIOS_setThreadType__E
00008e15   ti_sysbios_BIOS_start__E
00008e25   ti_sysbios_family_arm_lm3_TimestampProvider_rolloverFunc__E
00008e35   ti_sysbios_family_arm_m3_Hwi_excHandler__I
00008e45   ti_sysbios_gates_GateMutex_Instance_finalize__F
00008e55   ti_sysbios_knl_Semaphore_Instance_finalize__F
00008e65   ti_sysbios_knl_Swi_disable__E
00008e75   ti_sysbios_knl_Task_Object__get__S
00008e85   ti_sysbios_knl_Task_disable__E
00008e95   xdc_runtime_Gate_leaveSystem__E
00008e95   xdc_runtime_Gate_leaveSystem__F
00008ea5   xdc_runtime_LoggerBuf_write0__E
00008ea5   xdc_runtime_LoggerBuf_write0__F
00008eb5   xdc_runtime_Memory_free__E
00008eb5   xdc_runtime_Memory_free__F
00008ec5   xdc_runtime_SysMin_ready__E
00008ec5   xdc_runtime_SysMin_ready__F
00008ec5   xdc_runtime_System_SupportProxy_ready__E
00008ed5   xdc_runtime_System_vsnprintf__F
00008ee5   ADCSequenceDisable
00008ef3   ADCSequenceEnable
00008f01   __TI_decompress_none
00008f0f   ti_sysbios_family_arm_m3_TaskSupport_checkStack__E
00008f0f   ti_sysbios_knl_Task_SupportProxy_checkStack__E
00008f1d   ti_sysbios_knl_Queue_empty__E
00008f2d   ti_catalog_arm_cortexm3_lm3init_Boot_init
00008f39   CPUcpsid
00008f45   CPUcpsie
00008f51   ti_sysbios_family_xxx_Hwi_switchToTaskStack
00008f5d   ti_sysbios_family_arm_lm3_TimestampProvider_startTimer__E
00008f69   ti_sysbios_gates_GateHwi_enter__E
00008f75   ti_sysbios_knl_Queue_Object__get__S
00008f81   xdc_runtime_Error_init__E
00008f81   xdc_runtime_Error_init__F
00008f8d   xdc_runtime_Gate_enterSystem__E
00008f8d   xdc_runtime_Gate_enterSystem__F
00008f99   xdc_runtime_HeapMin_getStats__E
00008f99   xdc_runtime_HeapMin_getStats__F
00008fa5   xdc_runtime_Memory_calloc__E
00008fa5   xdc_runtime_Memory_calloc__F
00008fb1   xdc_runtime_Memory_getMaxDefaultTypeAlign__E
00008fb1   xdc_runtime_Memory_getMaxDefaultTypeAlign__F
00008fbd   xdc_runtime_System_exit__E
00008fbd   xdc_runtime_System_exit__F
00008fc9   xdc_runtime_System_lastFxn__I
00008fd5   IntMasterDisable
00008fdf   IntMasterEnable
00008fe9   SSIDataPut
00008ff3   SSIDisable
00008ffd   SSIEnable
0000901b   xdc_runtime_LoggerBuf_disable__E
0000901b   xdc_runtime_LoggerBuf_disable__F
00009025   xdc_runtime_LoggerBuf_enable__E
00009025   xdc_runtime_LoggerBuf_enable__F
0000902f   SSIBusy
00009037   ti_sysbios_family_arm_m3_Hwi_doSwiRestore__I
0000903f   ti_sysbios_family_arm_m3_Hwi_startup__E
0000903f   ti_sysbios_hal_Hwi_HwiProxy_startup__E
0000903f   ti_sysbios_hal_Hwi_startup__E
00009047   ti_sysbios_knl_Idle_loop__E
0000904f   xdc_runtime_Text_visitRope__I
00009057   ti_catalog_arm_cortexm3_lm3init_Boot_sysCtlDelay
0000905d   GPIOPinWrite
00009063   __xdc__init
00009069   __TI_decompress_rle24
0000906f   cos
00009075   log10f
0000907b   sin
00009081   ti_sysbios_family_arm_lm3_TimestampProvider_Module_startup__E
00009081   ti_sysbios_family_arm_lm3_TimestampProvider_Module_startup__F
00009087   ti_sysbios_family_arm_m3_Hwi_doTaskRestore__I
0000908d   ti_sysbios_gates_GateHwi_leave__E
00009093   ti_sysbios_knl_Queue_Instance_init__F
00009099   ti_sysbios_knl_Swi_startup__E
0000909f   xdc_runtime_System_Module_startup__E
0000909f   xdc_runtime_System_Module_startup__F
000090a5   ti_sysbios_BIOS_RtsGateProxy_enter__E
000090a9   ti_sysbios_BIOS_RtsGateProxy_leave__E
000090ad   ti_sysbios_family_arm_lm3_Timer_getPeriod__E
000090b1   ti_sysbios_family_arm_m3_TaskSupport_Module__startupDone__S
000090b5   ti_sysbios_gates_GateHwi_query__E
000090b5   ti_sysbios_gates_GateHwi_query__F
000090b5   xdc_runtime_LoggerBuf_Module_GateProxy_query__E
000090b5   xdc_runtime_Main_Module_GateProxy_query__E
000090b5   xdc_runtime_System_Module_GateProxy_query__E
000090b9   ti_sysbios_BIOS_RtsGateProxy_query__E
000090b9   ti_sysbios_gates_GateMutex_query__E
000090b9   ti_sysbios_gates_GateMutex_query__F
000090bd   ti_sysbios_hal_Hwi_HwiProxy_Module__startupDone__S
000090c1   ti_sysbios_hal_Timer_TimerProxy_Module__startupDone__S
000090c5   ti_sysbios_hal_Timer_TimerProxy_getPeriod__E
000090c9   ti_sysbios_knl_Task_SupportProxy_Module__startupDone__S
000090cd   ti_sysbios_knl_Task_startup__E
000090d1   xdc_runtime_Error_getSite__E
000090d1   xdc_runtime_Error_getSite__F
000090d5   xdc_runtime_HeapMin_isBlocking__E
000090d5   xdc_runtime_HeapMin_isBlocking__F
000090d9   xdc_runtime_LoggerBuf_Module_GateProxy_enter__E
000090dd   xdc_runtime_LoggerBuf_Module_GateProxy_leave__E
000090e1   xdc_runtime_Memory_HeapProxy_alloc__E
000090e5   xdc_runtime_Memory_HeapProxy_free__E
000090e9   xdc_runtime_Startup_reset__I
000090ed   xdc_runtime_System_Module_GateProxy_enter__E
000090f1   xdc_runtime_System_Module_GateProxy_leave__E
000090f5   xdc_runtime_System_aprintf_va__F
000090f9   xdc_runtime_System_printf_va__F
000090fd   xdc_runtime_System_vsnprintf__E
000092e0   g_pucFont
000094bc   ti_sysbios_BIOS_Module__diagsEnabled__C
000095ac   ti_sysbios_family_arm_m3_Hwi_priorities__A
00009714   xdc_runtime_LoggerBuf_Module__FXNS__C
00009788   ButtonTaskHandle
0000978c   ADC0
00009790   ButtonClock
00009794   sem_Button
00009798   mailbox0
0000979c   UITaskHandle
000097a0   DisplayTaskHandle
000097a4   WaveformTaskHandle
000097a8   FFTTaskHandle
000097ac   sem_UI
000097b0   sem_Display
000097b4   sem_Waveform
000097b8   sem_FFT
000097bc   xdc_runtime_Startup_sfxnTab__A
00009814   xdc_runtime_HeapMin_Module__FXNS__C
0000983c   ti_sysbios_gates_GateHwi_Module__FXNS__C
00009860   ti_sysbios_gates_GateMutex_Module__FXNS__C
00009884   ti_sysbios_knl_Semaphore_Object__PARAMS__C
000098a8   xdc_runtime_LoggerBuf_Object__PARAMS__C
000098cc   ti_sysbios_gates_GateHwi_Object__DESC__C
000098ec   ti_sysbios_gates_GateMutex_Object__DESC__C
0000990c   ti_sysbios_knl_Queue_Object__DESC__C
0000992c   ti_sysbios_knl_Semaphore_Object__DESC__C
0000994c   xdc_runtime_HeapMin_Object__DESC__C
0000996c   xdc_runtime_HeapMin_Object__PARAMS__C
0000998c   xdc_runtime_LoggerBuf_Object__DESC__C
000099c8   ti_sysbios_gates_GateHwi_Object__PARAMS__C
000099e0   ti_sysbios_gates_GateMutex_Object__PARAMS__C
000099f8   ti_sysbios_knl_Queue_Object__PARAMS__C
00009a10   ti_sysbios_knl_Task_hooks__A
00009a28   xdc_runtime_Startup_sfxnRts__A
00009a74   xdc_runtime_Startup_firstFxns__A
00009a80   ti_sysbios_family_arm_m3_Hwi_excHookFuncs__A
00009a88   ti_sysbios_knl_Idle_coreList__C
00009a90   ti_sysbios_knl_Idle_funcList__C
00009a98   ti_sysbios_knl_Task_hooks__C
00009aa0   xdc_runtime_Startup_firstFxns__C
00009aa8   xdc_runtime_Startup_lastFxns__A
00009ab0   xdc_runtime_Startup_lastFxns__C
00009ab8   ti_sysbios_BIOS_Module__diagsIncluded__C
00009abc   ti_sysbios_BIOS_Module__diagsMask__C
00009ac0   ti_sysbios_BIOS_installedErrorHook__C
00009ac4   ti_sysbios_family_arm_lm3_Timer_WRALLOW__C
00009ac8   ti_sysbios_family_arm_lm3_Timer_numTimerDevices__C
00009acc   ti_sysbios_family_arm_lm3_Timer_startupNeeded__C
00009ad0   ti_sysbios_family_arm_m3_Hwi_E_NMI__C
00009ad4   ti_sysbios_family_arm_m3_Hwi_E_busFault__C
00009ad8   ti_sysbios_family_arm_m3_Hwi_E_debugMon__C
00009adc   ti_sysbios_family_arm_m3_Hwi_E_hardFault__C
00009ae0   ti_sysbios_family_arm_m3_Hwi_E_memFault__C
00009ae4   ti_sysbios_family_arm_m3_Hwi_E_noIsr__C
00009ae8   ti_sysbios_family_arm_m3_Hwi_E_reserved__C
00009aec   ti_sysbios_family_arm_m3_Hwi_E_svCall__C
00009af0   ti_sysbios_family_arm_m3_Hwi_E_usageFault__C
00009af4   ti_sysbios_family_arm_m3_Hwi_NUM_INTERRUPTS__C
00009af8   ti_sysbios_family_arm_m3_Hwi_ccr__C
00009afc   ti_sysbios_family_arm_m3_Hwi_dispatchTable__C
00009b00   ti_sysbios_family_arm_m3_Hwi_excHandlerFunc__C
00009b04   ti_sysbios_family_arm_m3_Hwi_excHookFuncs__C
00009b08   ti_sysbios_family_arm_m3_Hwi_priGroup__C
00009b0c   ti_sysbios_family_arm_m3_Hwi_priorities__C
00009b10   ti_sysbios_gates_GateMutex_A_badContext__C
00009b14   ti_sysbios_gates_GateMutex_Instance_State_sem__O
00009b18   ti_sysbios_gates_GateMutex_Module__diagsEnabled__C
00009b1c   ti_sysbios_gates_GateMutex_Module__diagsIncluded__C
00009b20   ti_sysbios_gates_GateMutex_Module__diagsMask__C
00009b24   ti_sysbios_hal_Hwi_E_stackOverflow__C
00009b28   ti_sysbios_knl_Clock_Module_State_clockQ__O
00009b2c   ti_sysbios_knl_Idle_coreList__A
00009b30   ti_sysbios_knl_Idle_funcList__A
00009b34   ti_sysbios_knl_Mailbox_Instance_State_dataQue__O
00009b38   ti_sysbios_knl_Mailbox_Instance_State_dataSem__O
00009b3c   ti_sysbios_knl_Mailbox_Instance_State_freeQue__O
00009b40   ti_sysbios_knl_Mailbox_Instance_State_freeSem__O
00009b44   ti_sysbios_knl_Mailbox_Object__count__C
00009b48   ti_sysbios_knl_Semaphore_A_badContext__C
00009b4c   ti_sysbios_knl_Semaphore_A_noEvents__C
00009b50   ti_sysbios_knl_Semaphore_A_overflow__C
00009b54   ti_sysbios_knl_Semaphore_A_pendTaskDisabled__C
00009b58   ti_sysbios_knl_Semaphore_Instance_State_pendQ__O
00009b5c   ti_sysbios_knl_Semaphore_Module__diagsEnabled__C
00009b60   ti_sysbios_knl_Semaphore_Module__diagsIncluded__C
00009b64   ti_sysbios_knl_Semaphore_Module__diagsMask__C
00009b68   ti_sysbios_knl_Swi_Object__count__C
00009b6c   ti_sysbios_knl_Task_E_spOutOfBounds__C
00009b70   ti_sysbios_knl_Task_E_stackOverflow__C
00009b74   ti_sysbios_knl_Task_Module_State_inactiveQ__O
00009b78   ti_sysbios_knl_Task_Object__count__C
00009b7c   ti_sysbios_knl_Task_allBlockedFunc__C
00009b80   ti_sysbios_knl_Task_numConstructedTasks__C
00009b84   xdc_runtime_Assert_E_assertFailed__C
00009b88   xdc_runtime_Core_A_initializedParams__C
00009b8c   xdc_runtime_Core_Module__diagsEnabled__C
00009b90   xdc_runtime_Core_Module__diagsIncluded__C
00009b94   xdc_runtime_Core_Module__diagsMask__C
00009b98   xdc_runtime_Error_E_memory__C
00009b9c   xdc_runtime_Error_Module__diagsEnabled__C
00009ba0   xdc_runtime_Error_Module__diagsIncluded__C
00009ba4   xdc_runtime_Error_Module__diagsMask__C
00009ba8   xdc_runtime_Error_Module__loggerFxn8__C
00009bac   xdc_runtime_Error_Module__loggerObj__C
00009bb0   xdc_runtime_Error_raiseHook__C
00009bb4   xdc_runtime_HeapMin_A_zeroSize__C
00009bb8   xdc_runtime_HeapMin_E_freeError__C
00009bbc   xdc_runtime_HeapMin_Module__diagsEnabled__C
00009bc0   xdc_runtime_HeapMin_Module__diagsIncluded__C
00009bc4   xdc_runtime_HeapMin_Module__diagsMask__C
00009bc8   xdc_runtime_IFilterLogger_Interface__BASE__C
00009bcc   xdc_runtime_IGateProvider_Interface__BASE__C
00009bd0   xdc_runtime_IHeap_Interface__BASE__C
00009bd4   xdc_runtime_ILogger_Interface__BASE__C
00009bd8   xdc_runtime_IModule_Interface__BASE__C
00009bdc   xdc_runtime_Log_L_error__C
00009be0   xdc_runtime_LoggerBuf_E_badLevel__C
00009be4   xdc_runtime_LoggerBuf_Module__gateObj__C
00009be8   xdc_runtime_LoggerBuf_Object__count__C
00009bec   xdc_runtime_LoggerBuf_statusLogger__C
00009bf0   xdc_runtime_Memory_defaultHeapInstance__C
00009bf4   xdc_runtime_Startup_execImpl__C
00009bf8   xdc_runtime_Startup_maxPasses__C
00009bfc   xdc_runtime_Startup_sfxnRts__C
00009c00   xdc_runtime_Startup_sfxnTab__C
00009c04   xdc_runtime_SysMin_bufSize__C
00009c08   xdc_runtime_SysMin_outputFunc__C
00009c0c   xdc_runtime_System_Module__gateObj__C
00009c10   xdc_runtime_System_extendFxn__C
00009c14   xdc_runtime_System_maxAtexitHandlers__C
00009c18   xdc_runtime_Text_charTab__C
00009c1c   xdc_runtime_Text_nameEmpty__C
00009c20   xdc_runtime_Text_nameStatic__C
00009c24   xdc_runtime_Text_nameUnknown__C
00009c28   xdc_runtime_Text_visitRopeFxn__C
00009c2c   ti_sysbios_BIOS_Module__id__C
00009c30   ti_sysbios_family_arm_lm3_TimestampProvider_useClockTimer__C
00009c34   ti_sysbios_family_arm_m3_Hwi_Module__id__C
00009c38   ti_sysbios_gates_GateMutex_Module__id__C
00009c3c   ti_sysbios_hal_Hwi_Module__id__C
00009c40   ti_sysbios_knl_Semaphore_Module__id__C
00009c44   ti_sysbios_knl_Task_Module__id__C
00009c48   ti_sysbios_knl_Task_initStackFlag__C
00009c4c   xdc_runtime_Core_Module__id__C
00009c50   xdc_runtime_Error_Module__loggerDefined__C
00009c54   xdc_runtime_Error_maxDepth__C
00009c58   xdc_runtime_HeapMin_Module__id__C
00009c5c   xdc_runtime_HeapMin_freeError__C
00009c60   xdc_runtime_LoggerBuf_Module__id__C
00009c64   xdc_runtime_LoggerBuf_filterByLevel__C
00009c68   xdc_runtime_Memory_Module__id__C
00009c6c   xdc_runtime_SysMin_flushAtExit__C
00009c70   xdc_runtime_Text_charCnt__C
00009c74   xdc_runtime_Text_isLoaded__C
00009c78   xdc_runtime_Text_registryModsLastId__C
00009c7c   xdc_runtime_Text_unnamedModsLastId__C
00009c80   xdc_runtime_Error_policy__C
0000a224   __TI_Handler_Table_Base
0000a230   __TI_Handler_Table_Limit
0000a240   __TI_CINIT_Base
0000a258   __TI_CINIT_Limit
20000000   ti_sysbios_family_arm_m3_Hwi_ramVectors
20000140   ti_sysbios_knl_Task_Instance_State_0_stack__A
20000940   ti_sysbios_knl_Task_Instance_State_1_stack__A
20001140   ti_sysbios_knl_Task_Instance_State_2_stack__A
20001940   ti_sysbios_knl_Task_Instance_State_3_stack__A
20002140   ti_sysbios_knl_Task_Instance_State_4_stack__A
20002940   ti_sysbios_knl_Task_Instance_State_5_stack__A
20009248   g_pucFrame
2000aa48   g_psADCBuffer
2000ba48   specBuff
2000c248   specOut
2000c448   __CIOBUF_
2000c568   trigBuff
2000c668   ti_sysbios_knl_Mailbox_Instance_State_0_allocBuf__A
2000c708   xdc_runtime_LoggerBuf_Instance_State_0_entryArr__A
2000c788   xdc_runtime_SysMin_Module_State_0_outbuf__A
2000c808   ti_sysbios_knl_Task_Instance_State_0_hookEnv__A
2000c80c   ti_sysbios_knl_Task_Instance_State_1_hookEnv__A
2000c810   ti_sysbios_knl_Task_Instance_State_2_hookEnv__A
2000c814   ti_sysbios_knl_Task_Instance_State_3_hookEnv__A
2000c818   ti_sysbios_knl_Task_Instance_State_4_hookEnv__A
2000c81c   ti_sysbios_knl_Task_Instance_State_5_hookEnv__A
2000c820   xdc_runtime_HeapMin_Instance_State_0_buf__A
2000c840   g_ulButtons
2000c870   ti_sysbios_knl_Task_Object__table__V
2000c9ec   TSK_idle
2000ca38   ti_sysbios_BIOS_Module__state__V
2000ca58   ti_sysbios_family_arm_lm3_Timer_Module__root__V
2000ca60   ti_sysbios_family_arm_lm3_Timer_Module_State_0_device__A
2000ca80   ti_sysbios_family_arm_lm3_Timer_Module_State_0_handles__A
2000ca90   ti_sysbios_family_arm_lm3_Timer_Module__state__V
2000ca9c   ti_sysbios_family_arm_lm3_TimestampProvider_Module__state__V
2000caa4   ti_sysbios_family_arm_m3_Hwi_Module__root__V
2000caac   ti_sysbios_family_arm_m3_Hwi_Module_State_0_excActive__A
2000cab0   ti_sysbios_family_arm_m3_Hwi_Module_State_0_excContext__A
2000cab4   ti_sysbios_family_arm_m3_Hwi_Module_State_0_excStack__A
2000cab8   ti_sysbios_gates_GateHwi_Module__root__V
2000cac0   ti_sysbios_gates_GateHwi_Object__table__V
2000cac4   ti_sysbios_gates_GateMutex_Module__root__V
2000cacc   ti_sysbios_gates_GateMutex_Object__table__V
2000cae8   ti_sysbios_hal_Hwi_Module__root__V
2000caf0   ti_sysbios_hal_Hwi_Object__table__V
2000caf8   ti_sysbios_hal_Timer_Module__root__V
2000cb00   ti_sysbios_hal_Timer_Object__table__V
2000cb08   ti_sysbios_knl_Clock_Module__root__V
2000cb10   ti_sysbios_knl_Clock_Object__table__V
2000cb30   ti_sysbios_knl_Event_Module__root__V
2000cb38   ti_sysbios_knl_Mailbox_Module__root__V
2000cb40   ti_sysbios_knl_Queue_Module__root__V
2000cb48   ti_sysbios_knl_Semaphore_Module__root__V
2000cb50   ti_sysbios_knl_Swi_Module__root__V
2000cb58   ti_sysbios_knl_Swi_Module__state__V
2000cb74   ti_sysbios_knl_Task_Module__root__V
2000cb7c   ti_sysbios_knl_Task_Module_State_0_idleTask__A
2000cb80   xdc_runtime_Error_Module__state__V
2000cb84   xdc_runtime_HeapMin_Module__root__V
2000cb8c   xdc_runtime_HeapMin_Object__table__V
2000cb9c   xdc_runtime_LoggerBuf_Module__root__V
2000cba4   xdc_runtime_LoggerBuf_Module__state__V
2000cbac   xdc_runtime_Memory_Module__state__V
2000cbb0   xdc_runtime_Registry_Module__state__V
2000cbb8   xdc_runtime_Startup_Module__state__V
2000cbc0   xdc_runtime_SysMin_Module__state__V
2000cbcc   xdc_runtime_System_Module_State_0_atexitHandlers__A
2000cbdc   xdc_runtime_System_Module__state__V
2000cbe8   xdc_runtime_Text_Module__state__V
2000cbf0   __xdc__init__addr
2000cbf4   ti_sysbios_family_arm_m3_Hwi_Module_State_0_dispatchTable__A
2000cde8   _Denorm
2000cdf8   _Eps
2000ce08   _Hugeval
2000ce18   _Inf
2000ce28   _Nan
2000ce38   _Snan
2000ce48   _Rteps
2000ce58   _Xbig
2000ce60   _Zero
2000ce68   ti_sysbios_knl_Swi_Module_State_0_readyQ__A
2000cee8   ti_sysbios_knl_Task_Module_State_0_readyQ__A
2000cf68   _FDenorm
2000cf78   _FEps
2000cf88   _FInf
2000cf98   _FNan
2000cfa8   _FSnan
2000cfb8   _FRteps
2000cfc8   _FXbig
2000cfcc   _FZero
2000cfd0   ti_sysbios_knl_Semaphore_Object__table__V
2000d034   ti_sysbios_family_arm_lm3_Timer_Object__table__V
2000d094   ti_sysbios_family_arm_m3_Hwi_Module__state__V
2000d0e8   ti_sysbios_knl_Mailbox_Object__table__V
2000d138   ti_sysbios_family_arm_m3_Hwi_Object__table__V
2000d180   ti_sysbios_knl_Task_Module__state__V
2000d1c4   g_iADCBufferIndex
2000d1c8   g_ulADCErrors
2000d1cc   g_ulTime
2000d1d0   spec
2000d1d4   risingFalling
2000d1d8   fVoltsPerDiv
2000d1e8   fLevel
2000d1ec   x_scale
2000d1f0   fifo_head
2000d1f4   fifo_tail
2000d1f8   initial
2000d1fc   ti_sysbios_knl_Swi_Object__table__V
2000d22c   ti_sysbios_knl_Clock_Module__state__V
2000d254   xdc_runtime_LoggerBuf_Object__table__V
2000d278   _lock
2000d27c   _unlock
2000d280   _cleanup_ptr
2000d284   _dtors_ptr
2000d288   _Fenv
2000d28c   _Tls_setup__Fenv
2000d290   _Errno
2000d294   main_func_sp
2000d29c   __stack
2000d49c   __STACK_TOP
2000d69c   __STACK_END
e000e000   ti_sysbios_family_arm_m3_Hwi_nvic
ffffffff   __binit__
ffffffff   __c_args__
ffffffff   binit
UNDEFED    SHT$$INIT_ARRAY$$Base
UNDEFED    SHT$$INIT_ARRAY$$Limit

[768 symbols]
